INFO - 07/07/26 15:48:11 - 0:00:00 - ============ Initialized logger ============
INFO - 07/07/26 15:48:11 - 0:00:00 - N: 24
                                     always_search: True
                                     batch_size: 32
                                     coeff_bound: 8
                                     command: python train.py --env_name igp24 --exp_name igp24_bench_sparse_2913 --dump_path '/home/zpconn/code/igp24-axplorer/data/igp24/r8_noncomposed_sparse_structured_probe_20260707/sparse_r8_seed_2913/dump' --seed 2913 --coeff_bound 8 --gensize 24 --pop_size 8 --ntest 4 --gen_batch_size 2 --data_generation_only true --always_search true --max_local_search_steps 2 --prime_limit 7 --exact_score_timeout '3.0' --process_pool false --num_workers 1 --cpu true --igp24_generation_strategy sparse --igp24_generation_preset none --igp24_sparse_terms 4 --igp24_low_height_bound 2 --igp24_mixed_strategy_weights 'uniform:0.10,low_height:0.20,sparse:0.25,lower_degree:0.20,structured:0.25' --igp24_ledger_path '/home/zpconn/code/igp24-axplorer/data/igp24/r8_noncomposed_sparse_structured_probe_20260707/sparse_r8_seed_2913/candidates.jsonl' --target_r 8 --exp_id "2026_07_07_15_48_11"
                                     cpu: True
                                     cycle_diversity_weight: 5.0
                                     data_generation_only: True
                                     device: cpu
                                     discriminant_weight: 1.0
                                     dump_path: /home/zpconn/code/igp24-axplorer/data/igp24/r8_noncomposed_sparse_structured_probe_20260707/sparse_r8_seed_2913/dump/igp24_bench_sparse_2913/2026_07_07_15_48_11
                                     encoding_tokens: coefficients
                                     env_name: igp24
                                     exact_score_timeout: 3.0
                                     exp_id: 2026_07_07_15_48_11
                                     exp_name: igp24_bench_sparse_2913
                                     gen_batch_size: 2
                                     gensize: 24
                                     height_weight: 1.0
                                     igp24_generation_preset: none
                                     igp24_generation_strategy: sparse
                                     igp24_ledger_path: /home/zpconn/code/igp24-axplorer/data/igp24/r8_noncomposed_sparse_structured_probe_20260707/sparse_r8_seed_2913/candidates.jsonl
                                     igp24_low_height_bound: 2
                                     igp24_mixed_strategy_weights: uniform:0.10,low_height:0.20,sparse:0.25,lower_degree:0.20,structured:0.25
                                     igp24_sparse_terms: 4
                                     igp24_translation_radius: 2
                                     igp24_write_ledger: True
                                     inc_temp: 0.0
                                     keep_only_unique: True
                                     learning_rate: 0.0005
                                     max_epochs: 2000
                                     max_len: 500
                                     max_local_search_steps: 2
                                     max_steps: 50000
                                     n_embd: 256
                                     n_head: 8
                                     n_layer: 4
                                     new_proportion: 0.0
                                     no_positional: False
                                     ntest: 4
                                     num_eval_steps: 500
                                     num_samples_from_model: 500000
                                     num_workers: 1
                                     pop_size: 8
                                     prime_limit: 7
                                     process_pool: False
                                     redeem_only: False
                                     sample_export_dedup: False
                                     sample_export_max_attempts: 0
                                     sample_export_only: False
                                     sample_export_path: 
                                     sample_export_progress_interval: 256
                                     sample_export_unique_target: 0
                                     save_best: False
                                     seed: 2913
                                     target_r: 8
                                     target_t: None
                                     temp_span: 0
                                     temperature: 1.0
                                     top_k: -1
                                     train_only: False
                                     weight_decay: 0.01
INFO - 07/07/26 15:48:11 - 0:00:00 - The experiment will be stored in /home/zpconn/code/igp24-axplorer/data/igp24/r8_noncomposed_sparse_structured_probe_20260707/sparse_r8_seed_2913/dump/igp24_bench_sparse_2913/2026_07_07_15_48_11
                                     
INFO - 07/07/26 15:48:11 - 0:00:00 - Running command: python train.py --env_name igp24 --exp_name igp24_bench_sparse_2913 --dump_path '/home/zpconn/code/igp24-axplorer/data/igp24/r8_noncomposed_sparse_structured_probe_20260707/sparse_r8_seed_2913/dump' --seed 2913 --coeff_bound 8 --gensize 24 --pop_size 8 --ntest 4 --gen_batch_size 2 --data_generation_only true --always_search true --max_local_search_steps 2 --prime_limit 7 --exact_score_timeout '3.0' --process_pool false --num_workers 1 --cpu true --igp24_generation_strategy sparse --igp24_generation_preset none --igp24_sparse_terms 4 --igp24_low_height_bound 2 --igp24_mixed_strategy_weights 'uniform:0.10,low_height:0.20,sparse:0.25,lower_degree:0.20,structured:0.25' --igp24_ledger_path '/home/zpconn/code/igp24-axplorer/data/igp24/r8_noncomposed_sparse_structured_probe_20260707/sparse_r8_seed_2913/candidates.jsonl' --target_r 8

INFO - 07/07/26 15:48:11 - 0:00:00 - seed: 2913
INFO - 07/07/26 15:48:11 - 0:00:00 - Number of parameters: 3.28M
INFO - 07/07/26 15:48:13 - 0:00:02 - Unique processing: 24 examples left, 0 duplicates
INFO - 07/07/26 15:48:13 - 0:00:02 - ### Score distribution ###
INFO - 07/07/26 15:48:13 - 0:00:02 - Valid examples: 24
INFO - 07/07/26 15:48:13 - 0:00:02 - Mean score: 9937.60162565188
INFO - 07/07/26 15:48:13 - 0:00:02 - Median score: 9938.659939828947
INFO - 07/07/26 15:48:13 - 0:00:02 - Stdev score: 20.265846393928896
INFO - 07/07/26 15:48:13 - 0:00:02 - Max score: 9970.855578987763
INFO - 07/07/26 15:48:13 - 0:00:02 - Top 1 percentile score: 9970.855578987763
INFO - 07/07/26 15:48:13 - 0:00:02 - Distribution of scores:
INFO - 07/07/26 15:48:13 - 0:00:02 - Score 9904.99978164385: Count: 1
INFO - 07/07/26 15:48:13 - 0:00:02 - Score 9906.99586597624: Count: 1
INFO - 07/07/26 15:48:13 - 0:00:02 - Score 9910.723716738978: Count: 1
INFO - 07/07/26 15:48:13 - 0:00:02 - Score 9912.417754136275: Count: 1
INFO - 07/07/26 15:48:13 - 0:00:02 - Score 9914.674985177322: Count: 1
INFO - 07/07/26 15:48:13 - 0:00:02 - Score 9917.87428722803: Count: 1
INFO - 07/07/26 15:48:13 - 0:00:02 - Score 9918.382817535106: Count: 1
INFO - 07/07/26 15:48:13 - 0:00:02 - Score 9923.931229079191: Count: 1
INFO - 07/07/26 15:48:13 - 0:00:02 - Score 9927.024863151777: Count: 1
INFO - 07/07/26 15:48:13 - 0:00:02 - Score 9931.64998341607: Count: 1
INFO - 07/07/26 15:48:13 - 0:00:02 - Score 9935.797419729186: Count: 1
INFO - 07/07/26 15:48:13 - 0:00:02 - Score 9937.254804915401: Count: 1
INFO - 07/07/26 15:48:13 - 0:00:02 - Score 9940.065074742495: Count: 1
INFO - 07/07/26 15:48:13 - 0:00:02 - Score 9945.720400516351: Count: 1
INFO - 07/07/26 15:48:13 - 0:00:02 - Score 9947.465478606638: Count: 1
INFO - 07/07/26 15:48:13 - 0:00:02 - Score 9949.757150272924: Count: 1
INFO - 07/07/26 15:48:13 - 0:00:02 - Score 9952.955334436412: Count: 1
INFO - 07/07/26 15:48:13 - 0:00:02 - Score 9953.11358414156: Count: 1
INFO - 07/07/26 15:48:13 - 0:00:02 - Score 9955.709160449966: Count: 1
INFO - 07/07/26 15:48:13 - 0:00:02 - Score 9960.53317255: Count: 1
INFO - 07/07/26 15:48:13 - 0:00:02 - Score 9961.222295088526: Count: 1
INFO - 07/07/26 15:48:13 - 0:00:02 - Score 9961.540038113058: Count: 1
INFO - 07/07/26 15:48:13 - 0:00:02 - Score 9961.774239011991: Count: 1
INFO - 07/07/26 15:48:13 - 0:00:02 - Score 9970.855578987763: Count: 1
INFO - 07/07/26 15:48:13 - 0:00:02 - --------------------------------
INFO - 07/07/26 15:48:13 - 0:00:02 - New train and test generated. Size are train: 4, test 4
INFO - 07/07/26 15:48:13 - 0:00:02 - Unique data computed for original train set: 0, generated train set: 4
INFO - 07/07/26 15:48:13 - 0:00:02 - Final train and test generated. Size are train: 4, test 4
INFO - 07/07/26 15:48:13 - 0:00:02 - Data generation only mode. Exiting...
