INFO - 07/07/26 23:02:48 - 0:00:00 - ============ Initialized logger ============
INFO - 07/07/26 23:02:48 - 0:00:00 - N: 24
                                     always_search: False
                                     batch_size: 128
                                     coeff_bound: 1000000000000000
                                     command: python train.py --env_name igp24 --exp_name igp24_gpu_sample_export_target_r12_conditioned --dump_path '/tmp/igp24_axg14_provenance_20260708/r12/gpu_sample_export_target_r12_conditioned_dump' --exp_id axg14_target_r12_provenance_20260708_0403 --seed 33012 --encoding_tokens decimal_coefficients --igp24_target_r_conditioning_mode control_token --igp24_training_jsonl '/home/zpconn/code/igp24-axplorer/data/igp24/active_learning/axg_training_dataset_20260707_axg11_target_r_seeded.jsonl' --igp24_training_jsonl_target_rs '12,16,20,24' --coeff_bound 1000000000000000 --target_r 12 --gensize 0 --pop_size 512 --ntest 64 --gen_batch_size 64 --max_epochs 1 --max_steps 7200 --num_eval_steps 300 --num_samples_from_model 3072 --batch_size 128 --n_layer 4 --n_head 4 --n_embd 256 --max_len 640 --temperature '1.15' --top_k '-1' --always_search false --max_local_search_steps 0 --prime_limit 7 --exact_score_timeout 0 --process_pool false --num_workers 1 --cpu false --sample_export_only true --sample_export_path '/tmp/igp24_axg14_provenance_20260708/r12/gpu_model_sample_export_target_r12_conditioned.jsonl' --sample_export_dedup true --sample_export_unique_target 384 --sample_export_max_attempts 3072 --sample_export_progress_interval 128 --sample_export_target_r_conditioning_mode control_token --sample_export_avoid_even_support_like true --sample_export_require_support_gcd_one true --sample_export_family_cap 0 --sample_export_basin_fingerprint_cap 8 --igp24_generation_strategy mixed --igp24_ledger_path '/tmp/igp24_axg14_provenance_20260708/r12/gpu_sample_export_target_r12_conditioned_initial_candidates.jsonl' --exp_id "axg14_target_r12_provenance_20260708_0403"
                                     cpu: False
                                     cycle_diversity_weight: 5.0
                                     data_generation_only: False
                                     device: cuda
                                     discriminant_weight: 1.0
                                     dump_path: /tmp/igp24_axg14_provenance_20260708/r12/gpu_sample_export_target_r12_conditioned_dump/igp24_gpu_sample_export_target_r12_conditioned/axg14_target_r12_provenance_20260708_0403
                                     encoding_tokens: decimal_coefficients
                                     env_name: igp24
                                     exact_score_timeout: 0.0
                                     exp_id: axg14_target_r12_provenance_20260708_0403
                                     exp_name: igp24_gpu_sample_export_target_r12_conditioned
                                     gen_batch_size: 64
                                     gensize: 0
                                     height_weight: 1.0
                                     igp24_generation_preset: none
                                     igp24_generation_strategy: mixed
                                     igp24_ledger_path: /tmp/igp24_axg14_provenance_20260708/r12/gpu_sample_export_target_r12_conditioned_initial_candidates.jsonl
                                     igp24_low_height_bound: 3
                                     igp24_mixed_strategy_weights: uniform:0.1000,low_height:0.2000,sparse:0.2500,lower_degree:0.2000,structured:0.2500,four_real_seed:0.0000,quartic_lift:0.0000,r8_quartic_lift:0.0000,r8_quartic_lift_perturbed:0.0000,r16_quadratic_lift:0.0000,fixed_sparse_template:0.0000
                                     igp24_sparse_terms: 4
                                     igp24_target_r_conditioning_mode: control_token
                                     igp24_training_jsonl: ['/home/zpconn/code/igp24-axplorer/data/igp24/active_learning/axg_training_dataset_20260707_axg11_target_r_seeded.jsonl']
                                     igp24_training_jsonl_max_abs_coeff: 0
                                     igp24_training_jsonl_max_rows: 0
                                     igp24_training_jsonl_target_rs: 12,16,20,24
                                     igp24_translation_radius: 2
                                     igp24_write_ledger: True
                                     inc_temp: 0.0
                                     keep_only_unique: True
                                     learning_rate: 0.0005
                                     max_epochs: 1
                                     max_len: 640
                                     max_local_search_steps: 0
                                     max_steps: 7200
                                     n_embd: 256
                                     n_head: 4
                                     n_layer: 4
                                     new_proportion: 0.0
                                     no_positional: False
                                     ntest: 64
                                     num_eval_steps: 300
                                     num_samples_from_model: 3072
                                     num_workers: 1
                                     pop_size: 512
                                     prime_limit: 7
                                     process_pool: False
                                     redeem_only: False
                                     sample_export_avoid_even_support_like: True
                                     sample_export_basin_fingerprint_cap: 8
                                     sample_export_dedup: True
                                     sample_export_family_cap: 0
                                     sample_export_max_attempts: 3072
                                     sample_export_only: True
                                     sample_export_path: /tmp/igp24_axg14_provenance_20260708/r12/gpu_model_sample_export_target_r12_conditioned.jsonl
                                     sample_export_progress_interval: 128
                                     sample_export_require_support_gcd_one: True
                                     sample_export_seed_bank_jsonl:
                                     sample_export_seed_bank_limit: 0
                                     sample_export_seed_bank_target_r: None
                                     sample_export_target_r_conditioning_mode: control_token
                                     sample_export_target_rs:
                                     sample_export_unique_target: 384
                                     save_best: False
                                     seed: 33012
                                     target_r: 12
                                     target_t: None
                                     temp_span: 0
                                     temperature: 1.15
                                     top_k: -1
                                     train_only: False
                                     weight_decay: 0.01
INFO - 07/07/26 23:02:48 - 0:00:00 - The experiment will be stored in /tmp/igp24_axg14_provenance_20260708/r12/gpu_sample_export_target_r12_conditioned_dump/igp24_gpu_sample_export_target_r12_conditioned/axg14_target_r12_provenance_20260708_0403

INFO - 07/07/26 23:02:48 - 0:00:00 - Running command: python train.py --env_name igp24 --exp_name igp24_gpu_sample_export_target_r12_conditioned --dump_path '/tmp/igp24_axg14_provenance_20260708/r12/gpu_sample_export_target_r12_conditioned_dump' --exp_id axg14_target_r12_provenance_20260708_0403 --seed 33012 --encoding_tokens decimal_coefficients --igp24_target_r_conditioning_mode control_token --igp24_training_jsonl '/home/zpconn/code/igp24-axplorer/data/igp24/active_learning/axg_training_dataset_20260707_axg11_target_r_seeded.jsonl' --igp24_training_jsonl_target_rs '12,16,20,24' --coeff_bound 1000000000000000 --target_r 12 --gensize 0 --pop_size 512 --ntest 64 --gen_batch_size 64 --max_epochs 1 --max_steps 7200 --num_eval_steps 300 --num_samples_from_model 3072 --batch_size 128 --n_layer 4 --n_head 4 --n_embd 256 --max_len 640 --temperature '1.15' --top_k '-1' --always_search false --max_local_search_steps 0 --prime_limit 7 --exact_score_timeout 0 --process_pool false --num_workers 1 --cpu false --sample_export_only true --sample_export_path '/tmp/igp24_axg14_provenance_20260708/r12/gpu_model_sample_export_target_r12_conditioned.jsonl' --sample_export_dedup true --sample_export_unique_target 384 --sample_export_max_attempts 3072 --sample_export_progress_interval 128 --sample_export_target_r_conditioning_mode control_token --sample_export_avoid_even_support_like true --sample_export_require_support_gcd_one true --sample_export_family_cap 0 --sample_export_basin_fingerprint_cap 8 --igp24_generation_strategy mixed --igp24_ledger_path '/tmp/igp24_axg14_provenance_20260708/r12/gpu_sample_export_target_r12_conditioned_initial_candidates.jsonl'

INFO - 07/07/26 23:02:48 - 0:00:00 - seed: 33012
INFO - 07/07/26 23:02:48 - 0:00:00 - Number of parameters: 3.32M
INFO - 07/07/26 23:02:49 - 0:00:00 - Loaded IGP24 JSONL training data: train=217 test=45 paths=['/home/zpconn/code/igp24-axplorer/data/igp24/active_learning/axg_training_dataset_20260707_axg11_target_r_seeded.jsonl'] target_rs=[12, 16, 20, 24] skipped={'missing_coefficients': 64, 'target_r_filtered': 823, 'missing_r': 0, 'coefficient_bound_filtered': 0, 'invalid_datapoint': 0}
INFO - 07/07/26 23:02:49 - 0:00:00 - ### Score distribution ###
INFO - 07/07/26 23:02:49 - 0:00:01 - Valid examples: 217
INFO - 07/07/26 23:02:49 - 0:00:01 - Mean score: 1.055299539170507
INFO - 07/07/26 23:02:49 - 0:00:01 - Median score: 1.0
INFO - 07/07/26 23:02:49 - 0:00:01 - Stdev score: 0.4044681322997931
INFO - 07/07/26 23:02:49 - 0:00:01 - Max score: 4.0
INFO - 07/07/26 23:02:49 - 0:00:01 - Top 1 percentile score: 4.0
INFO - 07/07/26 23:02:49 - 0:00:01 - Distribution of scores:
INFO - 07/07/26 23:02:49 - 0:00:01 - Score 1.0: Count: 213
INFO - 07/07/26 23:02:49 - 0:00:01 - Score 4.0: Count: 4
INFO - 07/07/26 23:02:49 - 0:00:01 - --------------------------------
INFO - 07/07/26 23:02:49 - 0:00:01 - ==== Starting Epoch 0 =====
INFO - 07/07/26 23:02:49 - 0:00:01 - [Epoch 0 START] CPU: 0.0% | RAM: 805.8MB
INFO - 07/07/26 23:02:49 - 0:00:01 - Max encoded sequence length: 307 / block_size 643
INFO - 07/07/26 23:02:49 - 0:00:01 - Memory allocated: 18.98MB, reserved: 34.00MB
INFO - 07/07/26 23:02:52 - 0:00:04 - step 100 | loss 1.2758 | steps time 3175.32ms
INFO - 07/07/26 23:02:55 - 0:00:07 - step 200 | loss 0.2477 | steps time 2958.13ms
INFO - 07/07/26 23:02:58 - 0:00:10 - step 300 | loss 0.0589 | steps time 2970.08ms
INFO - 07/07/26 23:02:58 - 0:00:10 - step 300 train loss: 0.8420213803028067 test loss: 3.5182504653930664
INFO - 07/07/26 23:03:01 - 0:00:13 - step 400 | loss 0.0782 | steps time 2937.28ms
INFO - 07/07/26 23:03:04 - 0:00:16 - step 500 | loss 0.0407 | steps time 2986.61ms
INFO - 07/07/26 23:03:07 - 0:00:19 - step 600 | loss 0.0360 | steps time 2945.28ms
INFO - 07/07/26 23:03:07 - 0:00:19 - step 600 train loss: 0.0675197683274746 test loss: 3.9701144695281982
INFO - 07/07/26 23:03:10 - 0:00:22 - step 700 | loss 0.0396 | steps time 2961.02ms
INFO - 07/07/26 23:03:13 - 0:00:25 - step 800 | loss 0.0368 | steps time 2965.12ms
INFO - 07/07/26 23:03:16 - 0:00:28 - step 900 | loss 0.2021 | steps time 2987.48ms
INFO - 07/07/26 23:03:16 - 0:00:28 - step 900 train loss: 0.07143475400904814 test loss: 3.458449125289917
INFO - 07/07/26 23:03:19 - 0:00:31 - step 1000 | loss 0.0367 | steps time 2954.97ms
INFO - 07/07/26 23:03:22 - 0:00:34 - step 1100 | loss 0.0366 | steps time 3003.29ms
INFO - 07/07/26 23:03:25 - 0:00:36 - step 1200 | loss 0.0399 | steps time 2928.79ms
INFO - 07/07/26 23:03:25 - 0:00:36 - step 1200 train loss: 0.05229450367391109 test loss: 4.158278942108154
INFO - 07/07/26 23:03:28 - 0:00:39 - step 1300 | loss 0.0340 | steps time 2950.44ms
INFO - 07/07/26 23:03:31 - 0:00:42 - step 1400 | loss 0.0353 | steps time 2948.69ms
INFO - 07/07/26 23:03:34 - 0:00:45 - step 1500 | loss 0.0323 | steps time 2955.58ms
INFO - 07/07/26 23:03:34 - 0:00:45 - step 1500 train loss: 0.0345961762778461 test loss: 4.6102614402771
INFO - 07/07/26 23:03:37 - 0:00:48 - step 1600 | loss 0.0353 | steps time 3000.54ms
INFO - 07/07/26 23:03:40 - 0:00:51 - step 1700 | loss 0.0355 | steps time 2934.81ms
INFO - 07/07/26 23:03:42 - 0:00:54 - step 1800 | loss 0.0353 | steps time 2915.07ms
INFO - 07/07/26 23:03:42 - 0:00:54 - step 1800 train loss: 0.046433506570756435 test loss: 4.571199417114258
INFO - 07/07/26 23:03:45 - 0:00:57 - step 1900 | loss 0.0330 | steps time 2987.93ms
INFO - 07/07/26 23:03:48 - 0:01:00 - step 2000 | loss 0.0325 | steps time 2933.81ms
INFO - 07/07/26 23:03:51 - 0:01:03 - step 2100 | loss 0.0333 | steps time 2940.01ms
INFO - 07/07/26 23:03:51 - 0:01:03 - step 2100 train loss: 0.03919953903804223 test loss: 4.7044572830200195
INFO - 07/07/26 23:03:54 - 0:01:06 - step 2200 | loss 0.0325 | steps time 2946.91ms
INFO - 07/07/26 23:03:57 - 0:01:09 - step 2300 | loss 0.0330 | steps time 2994.67ms
INFO - 07/07/26 23:04:00 - 0:01:12 - step 2400 | loss 0.0391 | steps time 2885.27ms
INFO - 07/07/26 23:04:00 - 0:01:12 - step 2400 train loss: 0.03844152698293328 test loss: 4.317590713500977
INFO - 07/07/26 23:04:03 - 0:01:15 - step 2500 | loss 0.0337 | steps time 2898.22ms
INFO - 07/07/26 23:04:06 - 0:01:18 - step 2600 | loss 0.0324 | steps time 2942.19ms
INFO - 07/07/26 23:04:09 - 0:01:21 - step 2700 | loss 0.0348 | steps time 2935.53ms
INFO - 07/07/26 23:04:09 - 0:01:21 - step 2700 train loss: 0.03335067490115762 test loss: 4.899475574493408
INFO - 07/07/26 23:04:12 - 0:01:24 - step 2800 | loss 0.0333 | steps time 2966.58ms
INFO - 07/07/26 23:04:15 - 0:01:27 - step 2900 | loss 0.0332 | steps time 2966.47ms
INFO - 07/07/26 23:04:18 - 0:01:30 - step 3000 | loss 0.0315 | steps time 2912.07ms
INFO - 07/07/26 23:04:18 - 0:01:30 - step 3000 train loss: 0.03747161521265904 test loss: 5.034953594207764
INFO - 07/07/26 23:04:21 - 0:01:32 - step 3100 | loss 0.0338 | steps time 2922.08ms
INFO - 07/07/26 23:04:24 - 0:01:35 - step 3200 | loss 0.0333 | steps time 2943.54ms
INFO - 07/07/26 23:04:27 - 0:01:38 - step 3300 | loss 0.0381 | steps time 2971.19ms
INFO - 07/07/26 23:04:27 - 0:01:38 - step 3300 train loss: 0.03616659253835678 test loss: 4.657773971557617
INFO - 07/07/26 23:04:30 - 0:01:41 - step 3400 | loss 0.0348 | steps time 2963.74ms
INFO - 07/07/26 23:04:33 - 0:01:44 - step 3500 | loss 0.0306 | steps time 2980.32ms
INFO - 07/07/26 23:04:36 - 0:01:47 - step 3600 | loss 0.0327 | steps time 2966.45ms
INFO - 07/07/26 23:04:36 - 0:01:47 - step 3600 train loss: 0.03296080717816949 test loss: 5.278658390045166
INFO - 07/07/26 23:04:39 - 0:01:50 - step 3700 | loss 0.1047 | steps time 2943.96ms
INFO - 07/07/26 23:04:41 - 0:01:53 - step 3800 | loss 0.0333 | steps time 2957.47ms
INFO - 07/07/26 23:04:44 - 0:01:56 - step 3900 | loss 0.0324 | steps time 2927.07ms
INFO - 07/07/26 23:04:44 - 0:01:56 - step 3900 train loss: 0.03682916150738796 test loss: 5.342580795288086
INFO - 07/07/26 23:04:47 - 0:01:59 - step 4000 | loss 0.0308 | steps time 2926.16ms
INFO - 07/07/26 23:04:50 - 0:02:02 - step 4100 | loss 0.0341 | steps time 2916.79ms
INFO - 07/07/26 23:04:53 - 0:02:05 - step 4200 | loss 0.0338 | steps time 2969.65ms
INFO - 07/07/26 23:04:53 - 0:02:05 - step 4200 train loss: 0.03253323322782914 test loss: 5.479846477508545
INFO - 07/07/26 23:04:56 - 0:02:08 - step 4300 | loss 0.0312 | steps time 2898.56ms
INFO - 07/07/26 23:04:59 - 0:02:11 - step 4400 | loss 0.0321 | steps time 2925.96ms
INFO - 07/07/26 23:05:02 - 0:02:14 - step 4500 | loss 0.0315 | steps time 2947.22ms
INFO - 07/07/26 23:05:02 - 0:02:14 - step 4500 train loss: 0.03580807644252976 test loss: 5.372836112976074
INFO - 07/07/26 23:05:05 - 0:02:17 - step 4600 | loss 0.0315 | steps time 2982.64ms
INFO - 07/07/26 23:05:08 - 0:02:20 - step 4700 | loss 0.0332 | steps time 2965.45ms
INFO - 07/07/26 23:05:11 - 0:02:23 - step 4800 | loss 0.0335 | steps time 2983.56ms
INFO - 07/07/26 23:05:11 - 0:02:23 - step 4800 train loss: 0.034879290002087754 test loss: 5.4659199714660645
INFO - 07/07/26 23:05:14 - 0:02:26 - step 4900 | loss 0.0326 | steps time 2951.83ms
INFO - 07/07/26 23:05:17 - 0:02:29 - step 5000 | loss 0.0324 | steps time 2999.55ms
INFO - 07/07/26 23:05:20 - 0:02:32 - step 5100 | loss 0.0337 | steps time 2953.73ms
INFO - 07/07/26 23:05:20 - 0:02:32 - step 5100 train loss: 0.03252825535833836 test loss: 5.583072185516357
INFO - 07/07/26 23:05:23 - 0:02:35 - step 5200 | loss 0.0321 | steps time 2970.05ms
INFO - 07/07/26 23:05:26 - 0:02:38 - step 5300 | loss 0.0334 | steps time 2969.43ms
INFO - 07/07/26 23:05:29 - 0:02:40 - step 5400 | loss 0.0308 | steps time 2978.86ms
INFO - 07/07/26 23:05:29 - 0:02:40 - step 5400 train loss: 0.03504225991045435 test loss: 5.55612850189209
INFO - 07/07/26 23:05:32 - 0:02:43 - step 5500 | loss 0.0333 | steps time 3003.29ms
INFO - 07/07/26 23:05:35 - 0:02:46 - step 5600 | loss 0.0315 | steps time 2974.63ms
INFO - 07/07/26 23:05:38 - 0:02:49 - step 5700 | loss 0.0315 | steps time 3015.89ms
INFO - 07/07/26 23:05:38 - 0:02:49 - step 5700 train loss: 0.032239103813966115 test loss: 5.654990196228027
INFO - 07/07/26 23:05:41 - 0:02:52 - step 5800 | loss 0.0439 | steps time 2985.38ms
INFO - 07/07/26 23:05:44 - 0:02:55 - step 5900 | loss 0.0325 | steps time 2925.45ms
INFO - 07/07/26 23:05:47 - 0:02:58 - step 6000 | loss 0.0311 | steps time 2916.59ms
INFO - 07/07/26 23:05:47 - 0:02:58 - step 6000 train loss: 0.037260315970828135 test loss: 5.524443626403809
INFO - 07/07/26 23:05:50 - 0:03:01 - step 6100 | loss 0.0311 | steps time 3001.90ms
INFO - 07/07/26 23:05:53 - 0:03:04 - step 6200 | loss 0.0331 | steps time 2951.84ms
INFO - 07/07/26 23:05:56 - 0:03:07 - step 6300 | loss 0.0330 | steps time 2987.73ms
INFO - 07/07/26 23:05:56 - 0:03:07 - step 6300 train loss: 0.03242310269425313 test loss: 5.73681640625
INFO - 07/07/26 23:05:58 - 0:03:10 - step 6400 | loss 0.0341 | steps time 2906.27ms
INFO - 07/07/26 23:06:01 - 0:03:13 - step 6500 | loss 0.0343 | steps time 2905.43ms
INFO - 07/07/26 23:06:04 - 0:03:16 - step 6600 | loss 0.0320 | steps time 2933.33ms
INFO - 07/07/26 23:06:04 - 0:03:16 - step 6600 train loss: 0.03628344037259618 test loss: 5.652215003967285
INFO - 07/07/26 23:06:07 - 0:03:19 - step 6700 | loss 0.0320 | steps time 2905.58ms
INFO - 07/07/26 23:06:10 - 0:03:22 - step 6800 | loss 0.0329 | steps time 3045.73ms
INFO - 07/07/26 23:06:13 - 0:03:25 - step 6900 | loss 0.0314 | steps time 2969.00ms
INFO - 07/07/26 23:06:13 - 0:03:25 - step 6900 train loss: 0.03238700165102879 test loss: 5.827975273132324
INFO - 07/07/26 23:06:16 - 0:03:28 - step 7000 | loss 0.0325 | steps time 2962.08ms
INFO - 07/07/26 23:06:19 - 0:03:31 - step 7100 | loss 0.0349 | steps time 2985.70ms
INFO - 07/07/26 23:06:22 - 0:03:34 - step 7200 | loss 0.0326 | steps time 3001.16ms
INFO - 07/07/26 23:06:22 - 0:03:34 - step 7200 train loss: 0.03440664573262135 test loss: 5.798155307769775
INFO - 07/07/26 23:06:22 - 0:03:34 - [Epoch 0 AFTER_TRAIN] CPU: 0.0% | RAM: 1188.3MB
INFO - 07/07/26 23:06:22 - 0:03:34 - Export-only model sampling to /tmp/igp24_axg14_provenance_20260708/r12/gpu_model_sample_export_target_r12_conditioned.jsonl
INFO - 07/07/26 23:06:22 - 0:03:34 - Export-only controls: dedup_enabled=True unique_target=384 attempt_budget=3072 progress_interval=128 seed_bank_requested=False provenance_controls=True
INFO - 07/07/26 23:06:22 - 0:03:34 - 0 / 3072 samples attempted for export
INFO - 07/07/26 23:06:23 - 0:03:35 - 64 / 3072 samples attempted for export
INFO - 07/07/26 23:06:23 - 0:03:35 - Export-only provenance skip: attempts=128/3072 reasons=basin_fingerprint_cap written=16 unique_decoded=12
INFO - 07/07/26 23:06:23 - 0:03:35 - 128 / 3072 samples attempted for export
INFO - 07/07/26 23:06:24 - 0:03:35 - 192 / 3072 samples attempted for export
INFO - 07/07/26 23:06:24 - 0:03:36 - Export-only dedup progress: attempts=256/3072 records_written=18 unique_decoded=13 duplicate_skipped=75 invalid_decode=5
INFO - 07/07/26 23:06:24 - 0:03:36 - 256 / 3072 samples attempted for export
INFO - 07/07/26 23:06:24 - 0:03:36 - 320 / 3072 samples attempted for export
INFO - 07/07/26 23:06:25 - 0:03:36 - Export-only dedup progress: attempts=384/3072 records_written=21 unique_decoded=13 duplicate_skipped=123 invalid_decode=8
INFO - 07/07/26 23:06:25 - 0:03:36 - 384 / 3072 samples attempted for export
INFO - 07/07/26 23:06:25 - 0:03:37 - 448 / 3072 samples attempted for export
INFO - 07/07/26 23:06:25 - 0:03:37 - Export-only dedup progress: attempts=512/3072 records_written=23 unique_decoded=13 duplicate_skipped=162 invalid_decode=10
INFO - 07/07/26 23:06:25 - 0:03:37 - 512 / 3072 samples attempted for export
INFO - 07/07/26 23:06:25 - 0:03:37 - 576 / 3072 samples attempted for export
INFO - 07/07/26 23:06:26 - 0:03:37 - Export-only provenance skip: attempts=640/3072 reasons=even_support_like,support_gcd_not_one written=30 unique_decoded=14
INFO - 07/07/26 23:06:26 - 0:03:37 - 640 / 3072 samples attempted for export
INFO - 07/07/26 23:06:26 - 0:03:38 - 704 / 3072 samples attempted for export
INFO - 07/07/26 23:06:26 - 0:03:38 - Export-only dedup progress: attempts=768/3072 records_written=35 unique_decoded=16 duplicate_skipped=244 invalid_decode=19
INFO - 07/07/26 23:06:26 - 0:03:38 - 768 / 3072 samples attempted for export
INFO - 07/07/26 23:06:27 - 0:03:38 - 832 / 3072 samples attempted for export
INFO - 07/07/26 23:06:27 - 0:03:39 - Export-only provenance skip: attempts=896/3072 reasons=even_support_like,support_gcd_not_one written=38 unique_decoded=16
INFO - 07/07/26 23:06:27 - 0:03:39 - 896 / 3072 samples attempted for export
INFO - 07/07/26 23:06:27 - 0:03:39 - 960 / 3072 samples attempted for export
INFO - 07/07/26 23:06:28 - 0:03:39 - Export-only dedup progress: attempts=1024/3072 records_written=44 unique_decoded=16 duplicate_skipped=334 invalid_decode=28
INFO - 07/07/26 23:06:28 - 0:03:39 - 1024 / 3072 samples attempted for export
INFO - 07/07/26 23:06:28 - 0:03:40 - 1088 / 3072 samples attempted for export
INFO - 07/07/26 23:06:28 - 0:03:40 - Export-only dedup progress: attempts=1152/3072 records_written=50 unique_decoded=18 duplicate_skipped=379 invalid_decode=32
INFO - 07/07/26 23:06:28 - 0:03:40 - 1152 / 3072 samples attempted for export
INFO - 07/07/26 23:06:29 - 0:03:40 - 1216 / 3072 samples attempted for export
INFO - 07/07/26 23:06:29 - 0:03:41 - Export-only provenance skip: attempts=1280/3072 reasons=even_support_like,support_gcd_not_one written=55 unique_decoded=19
INFO - 07/07/26 23:06:29 - 0:03:41 - 1280 / 3072 samples attempted for export
INFO - 07/07/26 23:06:29 - 0:03:41 - 1344 / 3072 samples attempted for export
INFO - 07/07/26 23:06:29 - 0:03:41 - Export-only provenance skip: attempts=1408/3072 reasons=even_support_like,support_gcd_not_one written=61 unique_decoded=20
INFO - 07/07/26 23:06:29 - 0:03:41 - 1408 / 3072 samples attempted for export
INFO - 07/07/26 23:06:30 - 0:03:41 - 1472 / 3072 samples attempted for export
INFO - 07/07/26 23:06:30 - 0:03:42 - Export-only dedup progress: attempts=1536/3072 records_written=69 unique_decoded=20 duplicate_skipped=506 invalid_decode=49
INFO - 07/07/26 23:06:30 - 0:03:42 - 1536 / 3072 samples attempted for export
INFO - 07/07/26 23:06:30 - 0:03:42 - 1600 / 3072 samples attempted for export
INFO - 07/07/26 23:06:31 - 0:03:42 - Export-only dedup progress: attempts=1664/3072 records_written=72 unique_decoded=20 duplicate_skipped=545 invalid_decode=52
INFO - 07/07/26 23:06:31 - 0:03:42 - 1664 / 3072 samples attempted for export
INFO - 07/07/26 23:06:31 - 0:03:43 - 1728 / 3072 samples attempted for export
INFO - 07/07/26 23:06:31 - 0:03:43 - Export-only dedup progress: attempts=1792/3072 records_written=74 unique_decoded=20 duplicate_skipped=594 invalid_decode=54
INFO - 07/07/26 23:06:31 - 0:03:43 - 1792 / 3072 samples attempted for export
INFO - 07/07/26 23:06:32 - 0:03:43 - 1856 / 3072 samples attempted for export
INFO - 07/07/26 23:06:32 - 0:03:44 - Export-only dedup progress: attempts=1920/3072 records_written=77 unique_decoded=20 duplicate_skipped=640 invalid_decode=57
INFO - 07/07/26 23:06:32 - 0:03:44 - 1920 / 3072 samples attempted for export
INFO - 07/07/26 23:06:32 - 0:03:44 - 1984 / 3072 samples attempted for export
INFO - 07/07/26 23:06:32 - 0:03:44 - Export-only dedup progress: attempts=2048/3072 records_written=78 unique_decoded=20 duplicate_skipped=689 invalid_decode=58
INFO - 07/07/26 23:06:32 - 0:03:44 - 2048 / 3072 samples attempted for export
INFO - 07/07/26 23:06:33 - 0:03:45 - 2112 / 3072 samples attempted for export
INFO - 07/07/26 23:06:33 - 0:03:45 - Export-only provenance skip: attempts=2176/3072 reasons=even_support_like,support_gcd_not_one written=82 unique_decoded=21
INFO - 07/07/26 23:06:33 - 0:03:45 - 2176 / 3072 samples attempted for export
INFO - 07/07/26 23:06:33 - 0:03:45 - 2240 / 3072 samples attempted for export
INFO - 07/07/26 23:06:34 - 0:03:45 - Export-only dedup progress: attempts=2304/3072 records_written=87 unique_decoded=21 duplicate_skipped=775 invalid_decode=66
INFO - 07/07/26 23:06:34 - 0:03:45 - 2304 / 3072 samples attempted for export
INFO - 07/07/26 23:06:34 - 0:03:46 - 2368 / 3072 samples attempted for export
INFO - 07/07/26 23:06:34 - 0:03:46 - Export-only dedup progress: attempts=2432/3072 records_written=92 unique_decoded=22 duplicate_skipped=822 invalid_decode=70
INFO - 07/07/26 23:06:34 - 0:03:46 - 2432 / 3072 samples attempted for export
INFO - 07/07/26 23:06:35 - 0:03:46 - 2496 / 3072 samples attempted for export
INFO - 07/07/26 23:06:35 - 0:03:47 - Export-only provenance skip: attempts=2560/3072 reasons=even_support_like,support_gcd_not_one written=92 unique_decoded=22
INFO - 07/07/26 23:06:35 - 0:03:47 - 2560 / 3072 samples attempted for export
INFO - 07/07/26 23:06:35 - 0:03:47 - 2624 / 3072 samples attempted for export
INFO - 07/07/26 23:06:36 - 0:03:47 - Export-only dedup progress: attempts=2688/3072 records_written=94 unique_decoded=22 duplicate_skipped=918 invalid_decode=72
INFO - 07/07/26 23:06:36 - 0:03:47 - 2688 / 3072 samples attempted for export
INFO - 07/07/26 23:06:36 - 0:03:48 - 2752 / 3072 samples attempted for export
INFO - 07/07/26 23:06:36 - 0:03:48 - Export-only provenance skip: attempts=2816/3072 reasons=basin_fingerprint_cap written=96 unique_decoded=22
INFO - 07/07/26 23:06:36 - 0:03:48 - 2816 / 3072 samples attempted for export
INFO - 07/07/26 23:06:36 - 0:03:48 - 2880 / 3072 samples attempted for export
INFO - 07/07/26 23:06:37 - 0:03:48 - Export-only provenance skip: attempts=2944/3072 reasons=even_support_like,support_gcd_not_one written=96 unique_decoded=22
INFO - 07/07/26 23:06:37 - 0:03:48 - 2944 / 3072 samples attempted for export
INFO - 07/07/26 23:06:37 - 0:03:49 - 3008 / 3072 samples attempted for export
INFO - 07/07/26 23:06:37 - 0:03:49 - Export-only provenance skip: attempts=3072/3072 reasons=even_support_like,support_gcd_not_one written=97 unique_decoded=22
INFO - 07/07/26 23:06:37 - 0:03:49 - Export-only model sampling wrote 97 records to /tmp/igp24_axg14_provenance_20260708/r12/gpu_model_sample_export_target_r12_conditioned.jsonl; attempts=3072 decoded=22 invalid_decode=75 unique_decoded=22 duplicate_skipped=1056 stop_reason=attempt_budget_exhausted
INFO - 07/07/26 23:06:37 - 0:03:49 - Sample export summary: {'export_path': '/tmp/igp24_axg14_provenance_20260708/r12/gpu_model_sample_export_target_r12_conditioned.jsonl', 'summary_path': '/tmp/igp24_axg14_provenance_20260708/r12/gpu_model_sample_export_target_r12_conditioned.jsonl.summary.json', 'target_r': 12, 'encoding_tokens': 'decimal_coefficients', 'model_target_r_conditioning_mode': 'control_token', 'sample_export_target_r_conditioning_mode': 'control_token', 'records_written': 97, 'requested_samples': 3072, 'attempt_budget': 3072, 'attempted_samples': 3072, 'decoded_attempts': 2997, 'invalid_decode_attempts': 75, 'decoded_records': 22, 'invalid_decode_records': 75, 'deduplication_enabled': True, 'deduplication_key_type': 'decoded_coefficients', 'unique_target': 384, 'unique_decoded_coefficients': 22, 'duplicate_decoded_records_skipped': 1056, 'provenance_controls_enabled': True, 'avoid_even_support_like': True, 'require_support_gcd_one': True, 'family_cap': 0, 'basin_fingerprint_cap': 8, 'provenance_skip_counts': {'even_support_like': 1684, 'support_gcd_not_one': 1684, 'basin_fingerprint_cap': 235}, 'exported_template_family_counts': {'model:mixed:r12:dense_mixed_support_gcd1': 16, 'model:mixed:r12:medium_mixed_support_gcd1': 6}, 'exported_basin_fingerprint_counts': {'79cf4512c28f5b6f978c1920': 8, '6f180c06a96c257823a0b443': 3, 'dedb50270d9cd160876cd288': 1, '16e91cf76e9f5a7b72e418e6': 4, '70dfaa6c511fd505dcfb725c': 1, '812ac8e6ad14d412ddd03b28': 1, 'fddbe6f0ff38c8629060a918': 1, '07e52322640a94691dc69079': 1, '02ef2603ff65c1628b73ca52': 1, 'cc3475ac1f4d27ff6fb155e8': 1}, 'stop_reason': 'attempt_budget_exhausted', 'progress_interval': 128, 'scoring_avoided': True, 'local_search_avoided': True, 'dataset_update_avoided': True, 'seed_bank_enabled': False, 'seed_bank_path': None, 'seed_bank_target_r': 12, 'seed_bank_limit': 0, 'seed_bank_source_rows_read': 0, 'seed_bank_rows_matching_target_r': 0, 'seed_bank_records_written': 0, 'seed_bank_duplicate_decoded_records_skipped': 0, 'seed_bank_invalid_rows_skipped': 0, 'seed_bank_max_coefficient_height': None}
INFO - 07/07/26 23:06:37 - 0:03:49 - [Epoch 0 AFTER_SAMPLE_EXPORT] CPU: 0.0% | RAM: 1676.6MB
