INFO - 07/07/26 15:48:07 - 0:00:00 - ============ Initialized logger ============
INFO - 07/07/26 15:48:07 - 0:00:00 - N: 24
                                     always_search: True
                                     batch_size: 32
                                     coeff_bound: 8
                                     command: python train.py --env_name igp24 --exp_name igp24_bench_sparse_2912 --dump_path '/home/zpconn/code/igp24-axplorer/data/igp24/r8_noncomposed_sparse_structured_probe_20260707/sparse_r8_seed_2912/dump' --seed 2912 --coeff_bound 8 --gensize 24 --pop_size 8 --ntest 4 --gen_batch_size 2 --data_generation_only true --always_search true --max_local_search_steps 2 --prime_limit 7 --exact_score_timeout '3.0' --process_pool false --num_workers 1 --cpu true --igp24_generation_strategy sparse --igp24_generation_preset none --igp24_sparse_terms 4 --igp24_low_height_bound 2 --igp24_mixed_strategy_weights 'uniform:0.10,low_height:0.20,sparse:0.25,lower_degree:0.20,structured:0.25' --igp24_ledger_path '/home/zpconn/code/igp24-axplorer/data/igp24/r8_noncomposed_sparse_structured_probe_20260707/sparse_r8_seed_2912/candidates.jsonl' --target_r 8 --exp_id "2026_07_07_15_48_07"
                                     cpu: True
                                     cycle_diversity_weight: 5.0
                                     data_generation_only: True
                                     device: cpu
                                     discriminant_weight: 1.0
                                     dump_path: /home/zpconn/code/igp24-axplorer/data/igp24/r8_noncomposed_sparse_structured_probe_20260707/sparse_r8_seed_2912/dump/igp24_bench_sparse_2912/2026_07_07_15_48_07
                                     encoding_tokens: coefficients
                                     env_name: igp24
                                     exact_score_timeout: 3.0
                                     exp_id: 2026_07_07_15_48_07
                                     exp_name: igp24_bench_sparse_2912
                                     gen_batch_size: 2
                                     gensize: 24
                                     height_weight: 1.0
                                     igp24_generation_preset: none
                                     igp24_generation_strategy: sparse
                                     igp24_ledger_path: /home/zpconn/code/igp24-axplorer/data/igp24/r8_noncomposed_sparse_structured_probe_20260707/sparse_r8_seed_2912/candidates.jsonl
                                     igp24_low_height_bound: 2
                                     igp24_mixed_strategy_weights: uniform:0.10,low_height:0.20,sparse:0.25,lower_degree:0.20,structured:0.25
                                     igp24_sparse_terms: 4
                                     igp24_translation_radius: 2
                                     igp24_write_ledger: True
                                     inc_temp: 0.0
                                     keep_only_unique: True
                                     learning_rate: 0.0005
                                     max_epochs: 2000
                                     max_len: 500
                                     max_local_search_steps: 2
                                     max_steps: 50000
                                     n_embd: 256
                                     n_head: 8
                                     n_layer: 4
                                     new_proportion: 0.0
                                     no_positional: False
                                     ntest: 4
                                     num_eval_steps: 500
                                     num_samples_from_model: 500000
                                     num_workers: 1
                                     pop_size: 8
                                     prime_limit: 7
                                     process_pool: False
                                     redeem_only: False
                                     sample_export_dedup: False
                                     sample_export_max_attempts: 0
                                     sample_export_only: False
                                     sample_export_path: 
                                     sample_export_progress_interval: 256
                                     sample_export_unique_target: 0
                                     save_best: False
                                     seed: 2912
                                     target_r: 8
                                     target_t: None
                                     temp_span: 0
                                     temperature: 1.0
                                     top_k: -1
                                     train_only: False
                                     weight_decay: 0.01
INFO - 07/07/26 15:48:07 - 0:00:00 - The experiment will be stored in /home/zpconn/code/igp24-axplorer/data/igp24/r8_noncomposed_sparse_structured_probe_20260707/sparse_r8_seed_2912/dump/igp24_bench_sparse_2912/2026_07_07_15_48_07
                                     
INFO - 07/07/26 15:48:07 - 0:00:00 - Running command: python train.py --env_name igp24 --exp_name igp24_bench_sparse_2912 --dump_path '/home/zpconn/code/igp24-axplorer/data/igp24/r8_noncomposed_sparse_structured_probe_20260707/sparse_r8_seed_2912/dump' --seed 2912 --coeff_bound 8 --gensize 24 --pop_size 8 --ntest 4 --gen_batch_size 2 --data_generation_only true --always_search true --max_local_search_steps 2 --prime_limit 7 --exact_score_timeout '3.0' --process_pool false --num_workers 1 --cpu true --igp24_generation_strategy sparse --igp24_generation_preset none --igp24_sparse_terms 4 --igp24_low_height_bound 2 --igp24_mixed_strategy_weights 'uniform:0.10,low_height:0.20,sparse:0.25,lower_degree:0.20,structured:0.25' --igp24_ledger_path '/home/zpconn/code/igp24-axplorer/data/igp24/r8_noncomposed_sparse_structured_probe_20260707/sparse_r8_seed_2912/candidates.jsonl' --target_r 8

INFO - 07/07/26 15:48:07 - 0:00:00 - seed: 2912
INFO - 07/07/26 15:48:07 - 0:00:00 - Number of parameters: 3.28M
INFO - 07/07/26 15:48:09 - 0:00:02 - Unique processing: 24 examples left, 0 duplicates
INFO - 07/07/26 15:48:09 - 0:00:02 - ### Score distribution ###
INFO - 07/07/26 15:48:09 - 0:00:02 - Valid examples: 24
INFO - 07/07/26 15:48:09 - 0:00:02 - Mean score: 9935.272104212323
INFO - 07/07/26 15:48:09 - 0:00:02 - Median score: 9935.315578609696
INFO - 07/07/26 15:48:09 - 0:00:02 - Stdev score: 20.52195722099962
INFO - 07/07/26 15:48:09 - 0:00:02 - Max score: 9969.528846095352
INFO - 07/07/26 15:48:09 - 0:00:02 - Top 1 percentile score: 9969.528846095352
INFO - 07/07/26 15:48:09 - 0:00:02 - Distribution of scores:
INFO - 07/07/26 15:48:09 - 0:00:02 - Score 9895.788824576135: Count: 1
INFO - 07/07/26 15:48:09 - 0:00:02 - Score 9899.535011021937: Count: 1
INFO - 07/07/26 15:48:09 - 0:00:02 - Score 9902.086022981199: Count: 1
INFO - 07/07/26 15:48:09 - 0:00:02 - Score 9904.732134134147: Count: 1
INFO - 07/07/26 15:48:09 - 0:00:02 - Score 9922.69271912707: Count: 1
INFO - 07/07/26 15:48:09 - 0:00:02 - Score 9925.503927326698: Count: 1
INFO - 07/07/26 15:48:09 - 0:00:02 - Score 9926.713357753652: Count: 1
INFO - 07/07/26 15:48:09 - 0:00:02 - Score 9926.88441311247: Count: 1
INFO - 07/07/26 15:48:09 - 0:00:02 - Score 9928.742154789154: Count: 1
INFO - 07/07/26 15:48:09 - 0:00:02 - Score 9930.64753170874: Count: 1
INFO - 07/07/26 15:48:09 - 0:00:02 - Score 9934.587016304242: Count: 1
INFO - 07/07/26 15:48:09 - 0:00:02 - Score 9935.250455316851: Count: 1
INFO - 07/07/26 15:48:09 - 0:00:02 - Score 9935.38070190254: Count: 1
INFO - 07/07/26 15:48:09 - 0:00:02 - Score 9936.918336987808: Count: 1
INFO - 07/07/26 15:48:09 - 0:00:02 - Score 9943.875984851069: Count: 1
INFO - 07/07/26 15:48:09 - 0:00:02 - Score 9944.738816695548: Count: 1
INFO - 07/07/26 15:48:09 - 0:00:02 - Score 9945.916028661415: Count: 1
INFO - 07/07/26 15:48:09 - 0:00:02 - Score 9947.934602930743: Count: 1
INFO - 07/07/26 15:48:09 - 0:00:02 - Score 9948.687161203916: Count: 1
INFO - 07/07/26 15:48:09 - 0:00:02 - Score 9953.703866508748: Count: 1
INFO - 07/07/26 15:48:09 - 0:00:02 - Score 9957.034198321624: Count: 1
INFO - 07/07/26 15:48:09 - 0:00:02 - Score 9964.058270396303: Count: 1
INFO - 07/07/26 15:48:09 - 0:00:02 - Score 9965.590118388387: Count: 1
INFO - 07/07/26 15:48:09 - 0:00:02 - Score 9969.528846095352: Count: 1
INFO - 07/07/26 15:48:09 - 0:00:02 - --------------------------------
INFO - 07/07/26 15:48:09 - 0:00:02 - New train and test generated. Size are train: 4, test 4
INFO - 07/07/26 15:48:09 - 0:00:02 - Unique data computed for original train set: 0, generated train set: 4
INFO - 07/07/26 15:48:09 - 0:00:02 - Final train and test generated. Size are train: 4, test 4
INFO - 07/07/26 15:48:09 - 0:00:02 - Data generation only mode. Exiting...
