INFO - 07/07/26 21:32:38 - 0:00:00 - ============ Initialized logger ============
INFO - 07/07/26 21:32:38 - 0:00:00 - N: 24
                                     always_search: False
                                     batch_size: 128
                                     coeff_bound: 1000000000000000
                                     command: python train.py --env_name igp24 --exp_name igp24_gpu_sample_export_target_r20_conditioned --dump_path '/tmp/igp24_axg12_target_r_conditioned_20260707/r20/gpu_sample_export_target_r20_conditioned_dump' --exp_id axg12_target_r20_conditioned_20260707_2136 --seed 33020 --encoding_tokens decimal_coefficients --igp24_target_r_conditioning_mode control_token --igp24_training_jsonl '/home/zpconn/code/igp24-axplorer/data/igp24/active_learning/axg_training_dataset_20260707_axg11_target_r_seeded.jsonl' --igp24_training_jsonl_target_rs '12,16,20,24' --coeff_bound 1000000000000000 --target_r 20 --gensize 0 --pop_size 512 --ntest 64 --gen_batch_size 64 --max_epochs 1 --max_steps 2400 --num_eval_steps 300 --num_samples_from_model 768 --batch_size 128 --n_layer 4 --n_head 4 --n_embd 256 --max_len 640 --temperature '0.9' --top_k 12 --always_search false --max_local_search_steps 0 --prime_limit 7 --exact_score_timeout 0 --process_pool false --num_workers 1 --cpu false --sample_export_only true --sample_export_path '/tmp/igp24_axg12_target_r_conditioned_20260707/r20/gpu_model_sample_export_target_r20_conditioned.jsonl' --sample_export_dedup true --sample_export_max_attempts 768 --sample_export_progress_interval 128 --sample_export_target_r_conditioning_mode control_token --igp24_generation_strategy fixed_sparse_template --igp24_ledger_path '/tmp/igp24_axg12_target_r_conditioned_20260707/r20/gpu_sample_export_target_r20_conditioned_initial_candidates.jsonl' --exp_id "axg12_target_r20_conditioned_20260707_2136"
                                     cpu: False
                                     cycle_diversity_weight: 5.0
                                     data_generation_only: False
                                     device: cuda
                                     discriminant_weight: 1.0
                                     dump_path: /tmp/igp24_axg12_target_r_conditioned_20260707/r20/gpu_sample_export_target_r20_conditioned_dump/igp24_gpu_sample_export_target_r20_conditioned/axg12_target_r20_conditioned_20260707_2136
                                     encoding_tokens: decimal_coefficients
                                     env_name: igp24
                                     exact_score_timeout: 0.0
                                     exp_id: axg12_target_r20_conditioned_20260707_2136
                                     exp_name: igp24_gpu_sample_export_target_r20_conditioned
                                     gen_batch_size: 64
                                     gensize: 0
                                     height_weight: 1.0
                                     igp24_generation_preset: none
                                     igp24_generation_strategy: fixed_sparse_template
                                     igp24_ledger_path: /tmp/igp24_axg12_target_r_conditioned_20260707/r20/gpu_sample_export_target_r20_conditioned_initial_candidates.jsonl
                                     igp24_low_height_bound: 3
                                     igp24_mixed_strategy_weights: uniform:0.1000,low_height:0.2000,sparse:0.2500,lower_degree:0.2000,structured:0.2500,four_real_seed:0.0000,quartic_lift:0.0000,r8_quartic_lift:0.0000,r8_quartic_lift_perturbed:0.0000,r16_quadratic_lift:0.0000,fixed_sparse_template:0.0000
                                     igp24_sparse_terms: 4
                                     igp24_target_r_conditioning_mode: control_token
                                     igp24_training_jsonl: ['/home/zpconn/code/igp24-axplorer/data/igp24/active_learning/axg_training_dataset_20260707_axg11_target_r_seeded.jsonl']
                                     igp24_training_jsonl_max_abs_coeff: 0
                                     igp24_training_jsonl_max_rows: 0
                                     igp24_training_jsonl_target_rs: 12,16,20,24
                                     igp24_translation_radius: 2
                                     igp24_write_ledger: True
                                     inc_temp: 0.0
                                     keep_only_unique: True
                                     learning_rate: 0.0005
                                     max_epochs: 1
                                     max_len: 640
                                     max_local_search_steps: 0
                                     max_steps: 2400
                                     n_embd: 256
                                     n_head: 4
                                     n_layer: 4
                                     new_proportion: 0.0
                                     no_positional: False
                                     ntest: 64
                                     num_eval_steps: 300
                                     num_samples_from_model: 768
                                     num_workers: 1
                                     pop_size: 512
                                     prime_limit: 7
                                     process_pool: False
                                     redeem_only: False
                                     sample_export_dedup: True
                                     sample_export_max_attempts: 768
                                     sample_export_only: True
                                     sample_export_path: /tmp/igp24_axg12_target_r_conditioned_20260707/r20/gpu_model_sample_export_target_r20_conditioned.jsonl
                                     sample_export_progress_interval: 128
                                     sample_export_seed_bank_jsonl:
                                     sample_export_seed_bank_limit: 0
                                     sample_export_seed_bank_target_r: None
                                     sample_export_target_r_conditioning_mode: control_token
                                     sample_export_target_rs:
                                     sample_export_unique_target: 0
                                     save_best: False
                                     seed: 33020
                                     target_r: 20
                                     target_t: None
                                     temp_span: 0
                                     temperature: 0.9
                                     top_k: 12
                                     train_only: False
                                     weight_decay: 0.01
INFO - 07/07/26 21:32:38 - 0:00:00 - The experiment will be stored in /tmp/igp24_axg12_target_r_conditioned_20260707/r20/gpu_sample_export_target_r20_conditioned_dump/igp24_gpu_sample_export_target_r20_conditioned/axg12_target_r20_conditioned_20260707_2136

INFO - 07/07/26 21:32:38 - 0:00:00 - Running command: python train.py --env_name igp24 --exp_name igp24_gpu_sample_export_target_r20_conditioned --dump_path '/tmp/igp24_axg12_target_r_conditioned_20260707/r20/gpu_sample_export_target_r20_conditioned_dump' --exp_id axg12_target_r20_conditioned_20260707_2136 --seed 33020 --encoding_tokens decimal_coefficients --igp24_target_r_conditioning_mode control_token --igp24_training_jsonl '/home/zpconn/code/igp24-axplorer/data/igp24/active_learning/axg_training_dataset_20260707_axg11_target_r_seeded.jsonl' --igp24_training_jsonl_target_rs '12,16,20,24' --coeff_bound 1000000000000000 --target_r 20 --gensize 0 --pop_size 512 --ntest 64 --gen_batch_size 64 --max_epochs 1 --max_steps 2400 --num_eval_steps 300 --num_samples_from_model 768 --batch_size 128 --n_layer 4 --n_head 4 --n_embd 256 --max_len 640 --temperature '0.9' --top_k 12 --always_search false --max_local_search_steps 0 --prime_limit 7 --exact_score_timeout 0 --process_pool false --num_workers 1 --cpu false --sample_export_only true --sample_export_path '/tmp/igp24_axg12_target_r_conditioned_20260707/r20/gpu_model_sample_export_target_r20_conditioned.jsonl' --sample_export_dedup true --sample_export_max_attempts 768 --sample_export_progress_interval 128 --sample_export_target_r_conditioning_mode control_token --igp24_generation_strategy fixed_sparse_template --igp24_ledger_path '/tmp/igp24_axg12_target_r_conditioned_20260707/r20/gpu_sample_export_target_r20_conditioned_initial_candidates.jsonl'

INFO - 07/07/26 21:32:38 - 0:00:00 - seed: 33020
INFO - 07/07/26 21:32:38 - 0:00:00 - Number of parameters: 3.32M
INFO - 07/07/26 21:32:39 - 0:00:01 - Loaded IGP24 JSONL training data: train=217 test=45 paths=['/home/zpconn/code/igp24-axplorer/data/igp24/active_learning/axg_training_dataset_20260707_axg11_target_r_seeded.jsonl'] target_rs=[12, 16, 20, 24] skipped={'missing_coefficients': 64, 'target_r_filtered': 823, 'missing_r': 0, 'coefficient_bound_filtered': 0, 'invalid_datapoint': 0}
INFO - 07/07/26 21:32:39 - 0:00:01 - ### Score distribution ###
INFO - 07/07/26 21:32:39 - 0:00:01 - Valid examples: 217
INFO - 07/07/26 21:32:39 - 0:00:01 - Mean score: 1.055299539170507
INFO - 07/07/26 21:32:39 - 0:00:01 - Median score: 1.0
INFO - 07/07/26 21:32:39 - 0:00:01 - Stdev score: 0.4044681322997931
INFO - 07/07/26 21:32:39 - 0:00:01 - Max score: 4.0
INFO - 07/07/26 21:32:39 - 0:00:01 - Top 1 percentile score: 4.0
INFO - 07/07/26 21:32:39 - 0:00:01 - Distribution of scores:
INFO - 07/07/26 21:32:39 - 0:00:01 - Score 1.0: Count: 213
INFO - 07/07/26 21:32:39 - 0:00:01 - Score 4.0: Count: 4
INFO - 07/07/26 21:32:39 - 0:00:01 - --------------------------------
INFO - 07/07/26 21:32:39 - 0:00:01 - ==== Starting Epoch 0 =====
INFO - 07/07/26 21:32:39 - 0:00:01 - [Epoch 0 START] CPU: 0.0% | RAM: 806.1MB
INFO - 07/07/26 21:32:39 - 0:00:01 - Max encoded sequence length: 307 / block_size 643
INFO - 07/07/26 21:32:39 - 0:00:01 - Memory allocated: 18.98MB, reserved: 34.00MB
INFO - 07/07/26 21:32:42 - 0:00:04 - step 100 | loss 1.2041 | steps time 3511.06ms
INFO - 07/07/26 21:32:45 - 0:00:07 - step 200 | loss 0.2298 | steps time 3008.86ms
INFO - 07/07/26 21:32:48 - 0:00:10 - step 300 | loss 0.0668 | steps time 2886.51ms
INFO - 07/07/26 21:32:48 - 0:00:10 - step 300 train loss: 0.8161244470626116 test loss: 3.510061264038086
INFO - 07/07/26 21:32:51 - 0:00:13 - step 400 | loss 0.3139 | steps time 2875.96ms
INFO - 07/07/26 21:32:54 - 0:00:16 - step 500 | loss 0.0419 | steps time 2834.26ms
INFO - 07/07/26 21:32:57 - 0:00:19 - step 600 | loss 0.0364 | steps time 2899.13ms
INFO - 07/07/26 21:32:57 - 0:00:19 - step 600 train loss: 0.10265935879200697 test loss: 3.974182605743408
INFO - 07/07/26 21:33:00 - 0:00:22 - step 700 | loss 0.0482 | steps time 2875.90ms
INFO - 07/07/26 21:33:03 - 0:00:25 - step 800 | loss 0.0385 | steps time 2902.21ms
INFO - 07/07/26 21:33:06 - 0:00:27 - step 900 | loss 0.0765 | steps time 2914.14ms
INFO - 07/07/26 21:33:06 - 0:00:27 - step 900 train loss: 0.13151315259436766 test loss: 3.687218189239502
INFO - 07/07/26 21:33:09 - 0:00:30 - step 1000 | loss 0.0358 | steps time 2981.21ms
INFO - 07/07/26 21:33:12 - 0:00:33 - step 1100 | loss 0.0357 | steps time 2846.11ms
INFO - 07/07/26 21:33:14 - 0:00:36 - step 1200 | loss 0.0359 | steps time 2836.17ms
INFO - 07/07/26 21:33:14 - 0:00:36 - step 1200 train loss: 0.038017537246147794 test loss: 4.369307518005371
INFO - 07/07/26 21:33:17 - 0:00:39 - step 1300 | loss 0.0341 | steps time 2892.15ms
INFO - 07/07/26 21:33:20 - 0:00:42 - step 1400 | loss 0.0366 | steps time 2771.73ms
INFO - 07/07/26 21:33:23 - 0:00:45 - step 1500 | loss 0.0359 | steps time 2924.65ms
INFO - 07/07/26 21:33:23 - 0:00:45 - step 1500 train loss: 0.049967815888424714 test loss: 4.476747035980225
INFO - 07/07/26 21:33:26 - 0:00:48 - step 1600 | loss 0.0365 | steps time 2829.39ms
INFO - 07/07/26 21:33:29 - 0:00:50 - step 1700 | loss 0.0328 | steps time 2837.40ms
INFO - 07/07/26 21:33:31 - 0:00:53 - step 1800 | loss 0.0339 | steps time 2839.32ms
INFO - 07/07/26 21:33:31 - 0:00:53 - step 1800 train loss: 0.0407482118345797 test loss: 4.707719326019287
INFO - 07/07/26 21:33:34 - 0:00:56 - step 1900 | loss 0.0339 | steps time 2844.46ms
INFO - 07/07/26 21:33:37 - 0:00:59 - step 2000 | loss 0.0332 | steps time 2910.46ms
INFO - 07/07/26 21:33:40 - 0:01:02 - step 2100 | loss 0.0470 | steps time 2868.02ms
INFO - 07/07/26 21:33:40 - 0:01:02 - step 2100 train loss: 0.04306283940250675 test loss: 4.76866340637207
INFO - 07/07/26 21:33:43 - 0:01:05 - step 2200 | loss 0.0342 | steps time 2907.70ms
INFO - 07/07/26 21:33:46 - 0:01:08 - step 2300 | loss 0.0337 | steps time 2900.59ms
INFO - 07/07/26 21:33:49 - 0:01:11 - step 2400 | loss 0.0342 | steps time 2887.74ms
INFO - 07/07/26 21:33:49 - 0:01:11 - step 2400 train loss: 0.03578473619495829 test loss: 4.91778564453125
INFO - 07/07/26 21:33:49 - 0:01:11 - [Epoch 0 AFTER_TRAIN] CPU: 0.0% | RAM: 1188.4MB
INFO - 07/07/26 21:33:49 - 0:01:11 - Export-only model sampling to /tmp/igp24_axg12_target_r_conditioned_20260707/r20/gpu_model_sample_export_target_r20_conditioned.jsonl
INFO - 07/07/26 21:33:49 - 0:01:11 - Export-only controls: dedup_enabled=True unique_target=0 attempt_budget=768 progress_interval=128 seed_bank_requested=False
INFO - 07/07/26 21:33:49 - 0:01:11 - 0 / 768 samples attempted for export
INFO - 07/07/26 21:33:50 - 0:01:12 - 64 / 768 samples attempted for export
INFO - 07/07/26 21:33:50 - 0:01:12 - Export-only dedup progress: attempts=128/768 records_written=18 unique_decoded=13 duplicate_skipped=110 invalid_decode=5
INFO - 07/07/26 21:33:50 - 0:01:12 - 128 / 768 samples attempted for export
INFO - 07/07/26 21:33:51 - 0:01:13 - 192 / 768 samples attempted for export
INFO - 07/07/26 21:33:51 - 0:01:13 - Export-only dedup progress: attempts=256/768 records_written=18 unique_decoded=13 duplicate_skipped=238 invalid_decode=5
INFO - 07/07/26 21:33:51 - 0:01:13 - 256 / 768 samples attempted for export
INFO - 07/07/26 21:33:52 - 0:01:13 - 320 / 768 samples attempted for export
INFO - 07/07/26 21:33:52 - 0:01:14 - Export-only dedup progress: attempts=384/768 records_written=22 unique_decoded=13 duplicate_skipped=362 invalid_decode=9
INFO - 07/07/26 21:33:52 - 0:01:14 - 384 / 768 samples attempted for export
INFO - 07/07/26 21:33:53 - 0:01:14 - 448 / 768 samples attempted for export
INFO - 07/07/26 21:33:53 - 0:01:15 - Export-only dedup progress: attempts=512/768 records_written=27 unique_decoded=14 duplicate_skipped=485 invalid_decode=13
INFO - 07/07/26 21:33:53 - 0:01:15 - 512 / 768 samples attempted for export
INFO - 07/07/26 21:33:54 - 0:01:15 - 576 / 768 samples attempted for export
INFO - 07/07/26 21:33:54 - 0:01:16 - Export-only dedup progress: attempts=640/768 records_written=30 unique_decoded=16 duplicate_skipped=610 invalid_decode=14
INFO - 07/07/26 21:33:54 - 0:01:16 - 640 / 768 samples attempted for export
INFO - 07/07/26 21:33:55 - 0:01:16 - 704 / 768 samples attempted for export
INFO - 07/07/26 21:33:55 - 0:01:17 - Export-only dedup progress: attempts=768/768 records_written=34 unique_decoded=18 duplicate_skipped=734 invalid_decode=16
INFO - 07/07/26 21:33:55 - 0:01:17 - Export-only model sampling wrote 34 records to /tmp/igp24_axg12_target_r_conditioned_20260707/r20/gpu_model_sample_export_target_r20_conditioned.jsonl; attempts=768 decoded=18 invalid_decode=16 unique_decoded=18 duplicate_skipped=734 stop_reason=attempt_budget_exhausted
INFO - 07/07/26 21:33:55 - 0:01:17 - Sample export summary: {'export_path': '/tmp/igp24_axg12_target_r_conditioned_20260707/r20/gpu_model_sample_export_target_r20_conditioned.jsonl', 'summary_path': '/tmp/igp24_axg12_target_r_conditioned_20260707/r20/gpu_model_sample_export_target_r20_conditioned.jsonl.summary.json', 'target_r': 20, 'encoding_tokens': 'decimal_coefficients', 'model_target_r_conditioning_mode': 'control_token', 'sample_export_target_r_conditioning_mode': 'control_token', 'records_written': 34, 'requested_samples': 768, 'attempt_budget': 768, 'attempted_samples': 768, 'decoded_attempts': 752, 'invalid_decode_attempts': 16, 'decoded_records': 18, 'invalid_decode_records': 16, 'deduplication_enabled': True, 'deduplication_key_type': 'decoded_coefficients', 'unique_target': 0, 'unique_decoded_coefficients': 18, 'duplicate_decoded_records_skipped': 734, 'stop_reason': 'attempt_budget_exhausted', 'progress_interval': 128, 'scoring_avoided': True, 'local_search_avoided': True, 'dataset_update_avoided': True, 'seed_bank_enabled': False, 'seed_bank_path': None, 'seed_bank_target_r': 20, 'seed_bank_limit': 0, 'seed_bank_source_rows_read': 0, 'seed_bank_rows_matching_target_r': 0, 'seed_bank_records_written': 0, 'seed_bank_duplicate_decoded_records_skipped': 0, 'seed_bank_invalid_rows_skipped': 0, 'seed_bank_max_coefficient_height': None}
INFO - 07/07/26 21:33:55 - 0:01:17 - [Epoch 0 AFTER_SAMPLE_EXPORT] CPU: 0.0% | RAM: 1730.6MB
