INFO - 07/07/26 15:48:03 - 0:00:00 - ============ Initialized logger ============
INFO - 07/07/26 15:48:03 - 0:00:00 - N: 24
                                     always_search: True
                                     batch_size: 32
                                     coeff_bound: 8
                                     command: python train.py --env_name igp24 --exp_name igp24_bench_sparse_2911 --dump_path '/home/zpconn/code/igp24-axplorer/data/igp24/r8_noncomposed_sparse_structured_probe_20260707/sparse_r8_seed_2911/dump' --seed 2911 --coeff_bound 8 --gensize 24 --pop_size 8 --ntest 4 --gen_batch_size 2 --data_generation_only true --always_search true --max_local_search_steps 2 --prime_limit 7 --exact_score_timeout '3.0' --process_pool false --num_workers 1 --cpu true --igp24_generation_strategy sparse --igp24_generation_preset none --igp24_sparse_terms 4 --igp24_low_height_bound 2 --igp24_mixed_strategy_weights 'uniform:0.10,low_height:0.20,sparse:0.25,lower_degree:0.20,structured:0.25' --igp24_ledger_path '/home/zpconn/code/igp24-axplorer/data/igp24/r8_noncomposed_sparse_structured_probe_20260707/sparse_r8_seed_2911/candidates.jsonl' --target_r 8 --exp_id "2026_07_07_15_48_03"
                                     cpu: True
                                     cycle_diversity_weight: 5.0
                                     data_generation_only: True
                                     device: cpu
                                     discriminant_weight: 1.0
                                     dump_path: /home/zpconn/code/igp24-axplorer/data/igp24/r8_noncomposed_sparse_structured_probe_20260707/sparse_r8_seed_2911/dump/igp24_bench_sparse_2911/2026_07_07_15_48_03
                                     encoding_tokens: coefficients
                                     env_name: igp24
                                     exact_score_timeout: 3.0
                                     exp_id: 2026_07_07_15_48_03
                                     exp_name: igp24_bench_sparse_2911
                                     gen_batch_size: 2
                                     gensize: 24
                                     height_weight: 1.0
                                     igp24_generation_preset: none
                                     igp24_generation_strategy: sparse
                                     igp24_ledger_path: /home/zpconn/code/igp24-axplorer/data/igp24/r8_noncomposed_sparse_structured_probe_20260707/sparse_r8_seed_2911/candidates.jsonl
                                     igp24_low_height_bound: 2
                                     igp24_mixed_strategy_weights: uniform:0.10,low_height:0.20,sparse:0.25,lower_degree:0.20,structured:0.25
                                     igp24_sparse_terms: 4
                                     igp24_translation_radius: 2
                                     igp24_write_ledger: True
                                     inc_temp: 0.0
                                     keep_only_unique: True
                                     learning_rate: 0.0005
                                     max_epochs: 2000
                                     max_len: 500
                                     max_local_search_steps: 2
                                     max_steps: 50000
                                     n_embd: 256
                                     n_head: 8
                                     n_layer: 4
                                     new_proportion: 0.0
                                     no_positional: False
                                     ntest: 4
                                     num_eval_steps: 500
                                     num_samples_from_model: 500000
                                     num_workers: 1
                                     pop_size: 8
                                     prime_limit: 7
                                     process_pool: False
                                     redeem_only: False
                                     sample_export_dedup: False
                                     sample_export_max_attempts: 0
                                     sample_export_only: False
                                     sample_export_path: 
                                     sample_export_progress_interval: 256
                                     sample_export_unique_target: 0
                                     save_best: False
                                     seed: 2911
                                     target_r: 8
                                     target_t: None
                                     temp_span: 0
                                     temperature: 1.0
                                     top_k: -1
                                     train_only: False
                                     weight_decay: 0.01
INFO - 07/07/26 15:48:03 - 0:00:00 - The experiment will be stored in /home/zpconn/code/igp24-axplorer/data/igp24/r8_noncomposed_sparse_structured_probe_20260707/sparse_r8_seed_2911/dump/igp24_bench_sparse_2911/2026_07_07_15_48_03
                                     
INFO - 07/07/26 15:48:03 - 0:00:00 - Running command: python train.py --env_name igp24 --exp_name igp24_bench_sparse_2911 --dump_path '/home/zpconn/code/igp24-axplorer/data/igp24/r8_noncomposed_sparse_structured_probe_20260707/sparse_r8_seed_2911/dump' --seed 2911 --coeff_bound 8 --gensize 24 --pop_size 8 --ntest 4 --gen_batch_size 2 --data_generation_only true --always_search true --max_local_search_steps 2 --prime_limit 7 --exact_score_timeout '3.0' --process_pool false --num_workers 1 --cpu true --igp24_generation_strategy sparse --igp24_generation_preset none --igp24_sparse_terms 4 --igp24_low_height_bound 2 --igp24_mixed_strategy_weights 'uniform:0.10,low_height:0.20,sparse:0.25,lower_degree:0.20,structured:0.25' --igp24_ledger_path '/home/zpconn/code/igp24-axplorer/data/igp24/r8_noncomposed_sparse_structured_probe_20260707/sparse_r8_seed_2911/candidates.jsonl' --target_r 8

INFO - 07/07/26 15:48:03 - 0:00:00 - seed: 2911
INFO - 07/07/26 15:48:03 - 0:00:00 - Number of parameters: 3.28M
INFO - 07/07/26 15:48:05 - 0:00:02 - Unique processing: 24 examples left, 0 duplicates
INFO - 07/07/26 15:48:05 - 0:00:02 - ### Score distribution ###
INFO - 07/07/26 15:48:05 - 0:00:02 - Valid examples: 24
INFO - 07/07/26 15:48:05 - 0:00:02 - Mean score: 9936.862131939622
INFO - 07/07/26 15:48:05 - 0:00:02 - Median score: 9935.363240465438
INFO - 07/07/26 15:48:05 - 0:00:02 - Stdev score: 20.992211447510087
INFO - 07/07/26 15:48:05 - 0:00:02 - Max score: 9976.133196563282
INFO - 07/07/26 15:48:05 - 0:00:02 - Top 1 percentile score: 9976.133196563282
INFO - 07/07/26 15:48:05 - 0:00:02 - Distribution of scores:
INFO - 07/07/26 15:48:05 - 0:00:02 - Score 9877.542671035166: Count: 1
INFO - 07/07/26 15:48:05 - 0:00:02 - Score 9896.292864942186: Count: 1
INFO - 07/07/26 15:48:05 - 0:00:02 - Score 9924.638931505617: Count: 1
INFO - 07/07/26 15:48:05 - 0:00:02 - Score 9925.279874352336: Count: 1
INFO - 07/07/26 15:48:05 - 0:00:02 - Score 9925.494246724002: Count: 1
INFO - 07/07/26 15:48:05 - 0:00:02 - Score 9925.64608163905: Count: 1
INFO - 07/07/26 15:48:05 - 0:00:02 - Score 9927.104208792227: Count: 1
INFO - 07/07/26 15:48:05 - 0:00:02 - Score 9929.148608051832: Count: 1
INFO - 07/07/26 15:48:05 - 0:00:02 - Score 9929.891322110201: Count: 1
INFO - 07/07/26 15:48:05 - 0:00:02 - Score 9933.649403139438: Count: 1
INFO - 07/07/26 15:48:05 - 0:00:02 - Score 9934.35004315348: Count: 1
INFO - 07/07/26 15:48:05 - 0:00:02 - Score 9934.729251517816: Count: 1
INFO - 07/07/26 15:48:05 - 0:00:02 - Score 9935.997229413062: Count: 1
INFO - 07/07/26 15:48:05 - 0:00:02 - Score 9936.768017949642: Count: 1
INFO - 07/07/26 15:48:05 - 0:00:02 - Score 9939.449209910563: Count: 1
INFO - 07/07/26 15:48:05 - 0:00:02 - Score 9947.717503693737: Count: 1
INFO - 07/07/26 15:48:05 - 0:00:02 - Score 9949.192175944849: Count: 1
INFO - 07/07/26 15:48:05 - 0:00:02 - Score 9950.528883842813: Count: 1
INFO - 07/07/26 15:48:05 - 0:00:02 - Score 9951.904911953741: Count: 1
INFO - 07/07/26 15:48:05 - 0:00:02 - Score 9952.618712716525: Count: 1
INFO - 07/07/26 15:48:05 - 0:00:02 - Score 9952.679181800702: Count: 1
INFO - 07/07/26 15:48:05 - 0:00:02 - Score 9962.055665400729: Count: 1
INFO - 07/07/26 15:48:05 - 0:00:02 - Score 9965.878970397962: Count: 1
INFO - 07/07/26 15:48:05 - 0:00:02 - Score 9976.133196563282: Count: 1
INFO - 07/07/26 15:48:05 - 0:00:02 - --------------------------------
INFO - 07/07/26 15:48:05 - 0:00:02 - New train and test generated. Size are train: 4, test 4
INFO - 07/07/26 15:48:05 - 0:00:02 - Unique data computed for original train set: 0, generated train set: 4
INFO - 07/07/26 15:48:05 - 0:00:02 - Final train and test generated. Size are train: 4, test 4
INFO - 07/07/26 15:48:05 - 0:00:02 - Data generation only mode. Exiting...
