INFO - 07/07/26 21:31:02 - 0:00:00 - ============ Initialized logger ============
INFO - 07/07/26 21:31:02 - 0:00:00 - N: 24
                                     always_search: False
                                     batch_size: 128
                                     coeff_bound: 1000000000000000
                                     command: python train.py --env_name igp24 --exp_name igp24_gpu_sample_export_target_r16_conditioned --dump_path '/tmp/igp24_axg12_target_r_conditioned_20260707/r16/gpu_sample_export_target_r16_conditioned_dump' --exp_id axg12_target_r16_conditioned_20260707_2134 --seed 33016 --encoding_tokens decimal_coefficients --igp24_target_r_conditioning_mode control_token --igp24_training_jsonl '/home/zpconn/code/igp24-axplorer/data/igp24/active_learning/axg_training_dataset_20260707_axg11_target_r_seeded.jsonl' --igp24_training_jsonl_target_rs '12,16,20,24' --coeff_bound 1000000000000000 --target_r 16 --gensize 0 --pop_size 512 --ntest 64 --gen_batch_size 64 --max_epochs 1 --max_steps 2400 --num_eval_steps 300 --num_samples_from_model 768 --batch_size 128 --n_layer 4 --n_head 4 --n_embd 256 --max_len 640 --temperature '0.9' --top_k 12 --always_search false --max_local_search_steps 0 --prime_limit 7 --exact_score_timeout 0 --process_pool false --num_workers 1 --cpu false --sample_export_only true --sample_export_path '/tmp/igp24_axg12_target_r_conditioned_20260707/r16/gpu_model_sample_export_target_r16_conditioned.jsonl' --sample_export_dedup true --sample_export_max_attempts 768 --sample_export_progress_interval 128 --sample_export_target_r_conditioning_mode control_token --igp24_generation_strategy fixed_sparse_template --igp24_ledger_path '/tmp/igp24_axg12_target_r_conditioned_20260707/r16/gpu_sample_export_target_r16_conditioned_initial_candidates.jsonl' --exp_id "axg12_target_r16_conditioned_20260707_2134"
                                     cpu: False
                                     cycle_diversity_weight: 5.0
                                     data_generation_only: False
                                     device: cuda
                                     discriminant_weight: 1.0
                                     dump_path: /tmp/igp24_axg12_target_r_conditioned_20260707/r16/gpu_sample_export_target_r16_conditioned_dump/igp24_gpu_sample_export_target_r16_conditioned/axg12_target_r16_conditioned_20260707_2134
                                     encoding_tokens: decimal_coefficients
                                     env_name: igp24
                                     exact_score_timeout: 0.0
                                     exp_id: axg12_target_r16_conditioned_20260707_2134
                                     exp_name: igp24_gpu_sample_export_target_r16_conditioned
                                     gen_batch_size: 64
                                     gensize: 0
                                     height_weight: 1.0
                                     igp24_generation_preset: none
                                     igp24_generation_strategy: fixed_sparse_template
                                     igp24_ledger_path: /tmp/igp24_axg12_target_r_conditioned_20260707/r16/gpu_sample_export_target_r16_conditioned_initial_candidates.jsonl
                                     igp24_low_height_bound: 3
                                     igp24_mixed_strategy_weights: uniform:0.1000,low_height:0.2000,sparse:0.2500,lower_degree:0.2000,structured:0.2500,four_real_seed:0.0000,quartic_lift:0.0000,r8_quartic_lift:0.0000,r8_quartic_lift_perturbed:0.0000,r16_quadratic_lift:0.0000,fixed_sparse_template:0.0000
                                     igp24_sparse_terms: 4
                                     igp24_target_r_conditioning_mode: control_token
                                     igp24_training_jsonl: ['/home/zpconn/code/igp24-axplorer/data/igp24/active_learning/axg_training_dataset_20260707_axg11_target_r_seeded.jsonl']
                                     igp24_training_jsonl_max_abs_coeff: 0
                                     igp24_training_jsonl_max_rows: 0
                                     igp24_training_jsonl_target_rs: 12,16,20,24
                                     igp24_translation_radius: 2
                                     igp24_write_ledger: True
                                     inc_temp: 0.0
                                     keep_only_unique: True
                                     learning_rate: 0.0005
                                     max_epochs: 1
                                     max_len: 640
                                     max_local_search_steps: 0
                                     max_steps: 2400
                                     n_embd: 256
                                     n_head: 4
                                     n_layer: 4
                                     new_proportion: 0.0
                                     no_positional: False
                                     ntest: 64
                                     num_eval_steps: 300
                                     num_samples_from_model: 768
                                     num_workers: 1
                                     pop_size: 512
                                     prime_limit: 7
                                     process_pool: False
                                     redeem_only: False
                                     sample_export_dedup: True
                                     sample_export_max_attempts: 768
                                     sample_export_only: True
                                     sample_export_path: /tmp/igp24_axg12_target_r_conditioned_20260707/r16/gpu_model_sample_export_target_r16_conditioned.jsonl
                                     sample_export_progress_interval: 128
                                     sample_export_seed_bank_jsonl:
                                     sample_export_seed_bank_limit: 0
                                     sample_export_seed_bank_target_r: None
                                     sample_export_target_r_conditioning_mode: control_token
                                     sample_export_target_rs:
                                     sample_export_unique_target: 0
                                     save_best: False
                                     seed: 33016
                                     target_r: 16
                                     target_t: None
                                     temp_span: 0
                                     temperature: 0.9
                                     top_k: 12
                                     train_only: False
                                     weight_decay: 0.01
INFO - 07/07/26 21:31:02 - 0:00:00 - The experiment will be stored in /tmp/igp24_axg12_target_r_conditioned_20260707/r16/gpu_sample_export_target_r16_conditioned_dump/igp24_gpu_sample_export_target_r16_conditioned/axg12_target_r16_conditioned_20260707_2134

INFO - 07/07/26 21:31:02 - 0:00:00 - Running command: python train.py --env_name igp24 --exp_name igp24_gpu_sample_export_target_r16_conditioned --dump_path '/tmp/igp24_axg12_target_r_conditioned_20260707/r16/gpu_sample_export_target_r16_conditioned_dump' --exp_id axg12_target_r16_conditioned_20260707_2134 --seed 33016 --encoding_tokens decimal_coefficients --igp24_target_r_conditioning_mode control_token --igp24_training_jsonl '/home/zpconn/code/igp24-axplorer/data/igp24/active_learning/axg_training_dataset_20260707_axg11_target_r_seeded.jsonl' --igp24_training_jsonl_target_rs '12,16,20,24' --coeff_bound 1000000000000000 --target_r 16 --gensize 0 --pop_size 512 --ntest 64 --gen_batch_size 64 --max_epochs 1 --max_steps 2400 --num_eval_steps 300 --num_samples_from_model 768 --batch_size 128 --n_layer 4 --n_head 4 --n_embd 256 --max_len 640 --temperature '0.9' --top_k 12 --always_search false --max_local_search_steps 0 --prime_limit 7 --exact_score_timeout 0 --process_pool false --num_workers 1 --cpu false --sample_export_only true --sample_export_path '/tmp/igp24_axg12_target_r_conditioned_20260707/r16/gpu_model_sample_export_target_r16_conditioned.jsonl' --sample_export_dedup true --sample_export_max_attempts 768 --sample_export_progress_interval 128 --sample_export_target_r_conditioning_mode control_token --igp24_generation_strategy fixed_sparse_template --igp24_ledger_path '/tmp/igp24_axg12_target_r_conditioned_20260707/r16/gpu_sample_export_target_r16_conditioned_initial_candidates.jsonl'

INFO - 07/07/26 21:31:02 - 0:00:00 - seed: 33016
INFO - 07/07/26 21:31:02 - 0:00:00 - Number of parameters: 3.32M
INFO - 07/07/26 21:31:03 - 0:00:01 - Loaded IGP24 JSONL training data: train=217 test=45 paths=['/home/zpconn/code/igp24-axplorer/data/igp24/active_learning/axg_training_dataset_20260707_axg11_target_r_seeded.jsonl'] target_rs=[12, 16, 20, 24] skipped={'missing_coefficients': 64, 'target_r_filtered': 823, 'missing_r': 0, 'coefficient_bound_filtered': 0, 'invalid_datapoint': 0}
INFO - 07/07/26 21:31:03 - 0:00:01 - ### Score distribution ###
INFO - 07/07/26 21:31:03 - 0:00:01 - Valid examples: 217
INFO - 07/07/26 21:31:03 - 0:00:01 - Mean score: 1.055299539170507
INFO - 07/07/26 21:31:03 - 0:00:01 - Median score: 1.0
INFO - 07/07/26 21:31:03 - 0:00:01 - Stdev score: 0.4044681322997931
INFO - 07/07/26 21:31:03 - 0:00:01 - Max score: 4.0
INFO - 07/07/26 21:31:03 - 0:00:01 - Top 1 percentile score: 4.0
INFO - 07/07/26 21:31:03 - 0:00:01 - Distribution of scores:
INFO - 07/07/26 21:31:03 - 0:00:01 - Score 1.0: Count: 213
INFO - 07/07/26 21:31:03 - 0:00:01 - Score 4.0: Count: 4
INFO - 07/07/26 21:31:03 - 0:00:01 - --------------------------------
INFO - 07/07/26 21:31:03 - 0:00:01 - ==== Starting Epoch 0 =====
INFO - 07/07/26 21:31:03 - 0:00:01 - [Epoch 0 START] CPU: 0.0% | RAM: 806.3MB
INFO - 07/07/26 21:31:03 - 0:00:01 - Max encoded sequence length: 307 / block_size 643
INFO - 07/07/26 21:31:03 - 0:00:01 - Memory allocated: 18.98MB, reserved: 34.00MB
INFO - 07/07/26 21:31:06 - 0:00:04 - step 100 | loss 1.2207 | steps time 2992.06ms
INFO - 07/07/26 21:31:09 - 0:00:07 - step 200 | loss 0.2059 | steps time 2828.10ms
INFO - 07/07/26 21:31:12 - 0:00:09 - step 300 | loss 0.0642 | steps time 2767.94ms
INFO - 07/07/26 21:31:12 - 0:00:09 - step 300 train loss: 0.8040372357020775 test loss: 3.475025177001953
INFO - 07/07/26 21:31:15 - 0:00:12 - step 400 | loss 0.0479 | steps time 2892.08ms
INFO - 07/07/26 21:31:17 - 0:00:15 - step 500 | loss 0.4230 | steps time 2773.92ms
INFO - 07/07/26 21:31:20 - 0:00:18 - step 600 | loss 0.1329 | steps time 2821.00ms
INFO - 07/07/26 21:31:20 - 0:00:18 - step 600 train loss: 0.09997599780559539 test loss: 3.4825596809387207
INFO - 07/07/26 21:31:23 - 0:00:21 - step 700 | loss 0.1964 | steps time 2779.68ms
INFO - 07/07/26 21:31:26 - 0:00:23 - step 800 | loss 0.0367 | steps time 2802.40ms
INFO - 07/07/26 21:31:29 - 0:00:26 - step 900 | loss 0.0675 | steps time 2774.50ms
INFO - 07/07/26 21:31:29 - 0:00:26 - step 900 train loss: 0.05599158380180597 test loss: 4.09567403793335
INFO - 07/07/26 21:31:31 - 0:00:29 - step 1000 | loss 0.0334 | steps time 2855.10ms
INFO - 07/07/26 21:31:34 - 0:00:32 - step 1100 | loss 0.0399 | steps time 2851.65ms
INFO - 07/07/26 21:31:37 - 0:00:35 - step 1200 | loss 0.0337 | steps time 2816.43ms
INFO - 07/07/26 21:31:37 - 0:00:35 - step 1200 train loss: 0.04343514089783033 test loss: 4.431469917297363
INFO - 07/07/26 21:31:40 - 0:00:37 - step 1300 | loss 0.2123 | steps time 2786.03ms
INFO - 07/07/26 21:31:43 - 0:00:40 - step 1400 | loss 0.0360 | steps time 2906.50ms
INFO - 07/07/26 21:31:46 - 0:00:43 - step 1500 | loss 0.0328 | steps time 2834.13ms
INFO - 07/07/26 21:31:46 - 0:00:43 - step 1500 train loss: 0.04332804540793101 test loss: 4.5975799560546875
INFO - 07/07/26 21:31:49 - 0:00:46 - step 1600 | loss 0.0340 | steps time 2835.65ms
INFO - 07/07/26 21:31:51 - 0:00:49 - step 1700 | loss 0.0345 | steps time 2776.33ms
INFO - 07/07/26 21:31:54 - 0:00:52 - step 1800 | loss 0.0318 | steps time 2775.52ms
INFO - 07/07/26 21:31:54 - 0:00:52 - step 1800 train loss: 0.041423155069351195 test loss: 4.663022518157959
INFO - 07/07/26 21:31:57 - 0:00:54 - step 1900 | loss 0.0329 | steps time 2878.29ms
INFO - 07/07/26 21:32:00 - 0:00:57 - step 2000 | loss 0.0370 | steps time 2861.71ms
INFO - 07/07/26 21:32:03 - 0:01:00 - step 2100 | loss 0.0341 | steps time 2752.23ms
INFO - 07/07/26 21:32:03 - 0:01:00 - step 2100 train loss: 0.03678559361025691 test loss: 4.881049156188965
INFO - 07/07/26 21:32:05 - 0:01:03 - step 2200 | loss 0.0333 | steps time 2819.74ms
INFO - 07/07/26 21:32:08 - 0:01:06 - step 2300 | loss 0.1897 | steps time 2931.60ms
INFO - 07/07/26 21:32:11 - 0:01:09 - step 2400 | loss 0.0343 | steps time 2986.84ms
INFO - 07/07/26 21:32:11 - 0:01:09 - step 2400 train loss: 0.04046435009067257 test loss: 4.871740341186523
INFO - 07/07/26 21:32:11 - 0:01:09 - [Epoch 0 AFTER_TRAIN] CPU: 0.0% | RAM: 1189.3MB
INFO - 07/07/26 21:32:12 - 0:01:09 - Export-only model sampling to /tmp/igp24_axg12_target_r_conditioned_20260707/r16/gpu_model_sample_export_target_r16_conditioned.jsonl
INFO - 07/07/26 21:32:12 - 0:01:09 - Export-only controls: dedup_enabled=True unique_target=0 attempt_budget=768 progress_interval=128 seed_bank_requested=False
INFO - 07/07/26 21:32:12 - 0:01:09 - 0 / 768 samples attempted for export
INFO - 07/07/26 21:32:12 - 0:01:10 - 64 / 768 samples attempted for export
INFO - 07/07/26 21:32:12 - 0:01:10 - Export-only dedup progress: attempts=128/768 records_written=29 unique_decoded=28 duplicate_skipped=99 invalid_decode=1
INFO - 07/07/26 21:32:12 - 0:01:10 - 128 / 768 samples attempted for export
INFO - 07/07/26 21:32:13 - 0:01:10 - 192 / 768 samples attempted for export
INFO - 07/07/26 21:32:13 - 0:01:11 - Export-only dedup progress: attempts=256/768 records_written=34 unique_decoded=32 duplicate_skipped=222 invalid_decode=2
INFO - 07/07/26 21:32:13 - 0:01:11 - 256 / 768 samples attempted for export
INFO - 07/07/26 21:32:13 - 0:01:11 - 320 / 768 samples attempted for export
INFO - 07/07/26 21:32:13 - 0:01:11 - Export-only dedup progress: attempts=384/768 records_written=36 unique_decoded=34 duplicate_skipped=348 invalid_decode=2
INFO - 07/07/26 21:32:13 - 0:01:11 - 384 / 768 samples attempted for export
INFO - 07/07/26 21:32:14 - 0:01:11 - 448 / 768 samples attempted for export
INFO - 07/07/26 21:32:14 - 0:01:11 - Export-only dedup progress: attempts=512/768 records_written=38 unique_decoded=35 duplicate_skipped=474 invalid_decode=3
INFO - 07/07/26 21:32:14 - 0:01:11 - 512 / 768 samples attempted for export
INFO - 07/07/26 21:32:14 - 0:01:12 - 576 / 768 samples attempted for export
INFO - 07/07/26 21:32:14 - 0:01:12 - Export-only dedup progress: attempts=640/768 records_written=39 unique_decoded=35 duplicate_skipped=601 invalid_decode=4
INFO - 07/07/26 21:32:14 - 0:01:12 - 640 / 768 samples attempted for export
INFO - 07/07/26 21:32:15 - 0:01:12 - 704 / 768 samples attempted for export
INFO - 07/07/26 21:32:15 - 0:01:13 - Export-only dedup progress: attempts=768/768 records_written=41 unique_decoded=35 duplicate_skipped=727 invalid_decode=6
INFO - 07/07/26 21:32:15 - 0:01:13 - Export-only model sampling wrote 41 records to /tmp/igp24_axg12_target_r_conditioned_20260707/r16/gpu_model_sample_export_target_r16_conditioned.jsonl; attempts=768 decoded=35 invalid_decode=6 unique_decoded=35 duplicate_skipped=727 stop_reason=attempt_budget_exhausted
INFO - 07/07/26 21:32:15 - 0:01:13 - Sample export summary: {'export_path': '/tmp/igp24_axg12_target_r_conditioned_20260707/r16/gpu_model_sample_export_target_r16_conditioned.jsonl', 'summary_path': '/tmp/igp24_axg12_target_r_conditioned_20260707/r16/gpu_model_sample_export_target_r16_conditioned.jsonl.summary.json', 'target_r': 16, 'encoding_tokens': 'decimal_coefficients', 'model_target_r_conditioning_mode': 'control_token', 'sample_export_target_r_conditioning_mode': 'control_token', 'records_written': 41, 'requested_samples': 768, 'attempt_budget': 768, 'attempted_samples': 768, 'decoded_attempts': 762, 'invalid_decode_attempts': 6, 'decoded_records': 35, 'invalid_decode_records': 6, 'deduplication_enabled': True, 'deduplication_key_type': 'decoded_coefficients', 'unique_target': 0, 'unique_decoded_coefficients': 35, 'duplicate_decoded_records_skipped': 727, 'stop_reason': 'attempt_budget_exhausted', 'progress_interval': 128, 'scoring_avoided': True, 'local_search_avoided': True, 'dataset_update_avoided': True, 'seed_bank_enabled': False, 'seed_bank_path': None, 'seed_bank_target_r': 16, 'seed_bank_limit': 0, 'seed_bank_source_rows_read': 0, 'seed_bank_rows_matching_target_r': 0, 'seed_bank_records_written': 0, 'seed_bank_duplicate_decoded_records_skipped': 0, 'seed_bank_invalid_rows_skipped': 0, 'seed_bank_max_coefficient_height': None}
INFO - 07/07/26 21:32:15 - 0:01:13 - [Epoch 0 AFTER_SAMPLE_EXPORT] CPU: 0.0% | RAM: 1731.4MB
