INFO - 07/07/26 22:00:37 - 0:00:00 - ============ Initialized logger ============
INFO - 07/07/26 22:00:37 - 0:00:00 - N: 24
                                     always_search: False
                                     batch_size: 128
                                     coeff_bound: 1000000000000000
                                     command: python train.py --env_name igp24 --exp_name igp24_gpu_sample_export_target_r20_conditioned --dump_path '/tmp/igp24_axg13_diversity_20260708/r20/gpu_sample_export_target_r20_conditioned_dump' --exp_id axg13_target_r20_diversity_20260708_2201 --seed 33020 --encoding_tokens decimal_coefficients --igp24_target_r_conditioning_mode control_token --igp24_training_jsonl '/home/zpconn/code/igp24-axplorer/data/igp24/active_learning/axg_training_dataset_20260707_axg11_target_r_seeded.jsonl' --igp24_training_jsonl_target_rs '12,16,20,24' --coeff_bound 1000000000000000 --target_r 20 --gensize 0 --pop_size 512 --ntest 64 --gen_batch_size 64 --max_epochs 1 --max_steps 4800 --num_eval_steps 300 --num_samples_from_model 2048 --batch_size 128 --n_layer 4 --n_head 4 --n_embd 256 --max_len 640 --temperature '1.15' --top_k '-1' --always_search false --max_local_search_steps 0 --prime_limit 7 --exact_score_timeout 0 --process_pool false --num_workers 1 --cpu false --sample_export_only true --sample_export_path '/tmp/igp24_axg13_diversity_20260708/r20/gpu_model_sample_export_target_r20_conditioned.jsonl' --sample_export_dedup true --sample_export_unique_target 512 --sample_export_max_attempts 2048 --sample_export_progress_interval 128 --sample_export_target_r_conditioning_mode control_token --igp24_generation_strategy mixed --igp24_ledger_path '/tmp/igp24_axg13_diversity_20260708/r20/gpu_sample_export_target_r20_conditioned_initial_candidates.jsonl' --exp_id "axg13_target_r20_diversity_20260708_2201"
                                     cpu: False
                                     cycle_diversity_weight: 5.0
                                     data_generation_only: False
                                     device: cuda
                                     discriminant_weight: 1.0
                                     dump_path: /tmp/igp24_axg13_diversity_20260708/r20/gpu_sample_export_target_r20_conditioned_dump/igp24_gpu_sample_export_target_r20_conditioned/axg13_target_r20_diversity_20260708_2201
                                     encoding_tokens: decimal_coefficients
                                     env_name: igp24
                                     exact_score_timeout: 0.0
                                     exp_id: axg13_target_r20_diversity_20260708_2201
                                     exp_name: igp24_gpu_sample_export_target_r20_conditioned
                                     gen_batch_size: 64
                                     gensize: 0
                                     height_weight: 1.0
                                     igp24_generation_preset: none
                                     igp24_generation_strategy: mixed
                                     igp24_ledger_path: /tmp/igp24_axg13_diversity_20260708/r20/gpu_sample_export_target_r20_conditioned_initial_candidates.jsonl
                                     igp24_low_height_bound: 3
                                     igp24_mixed_strategy_weights: uniform:0.1000,low_height:0.2000,sparse:0.2500,lower_degree:0.2000,structured:0.2500,four_real_seed:0.0000,quartic_lift:0.0000,r8_quartic_lift:0.0000,r8_quartic_lift_perturbed:0.0000,r16_quadratic_lift:0.0000,fixed_sparse_template:0.0000
                                     igp24_sparse_terms: 4
                                     igp24_target_r_conditioning_mode: control_token
                                     igp24_training_jsonl: ['/home/zpconn/code/igp24-axplorer/data/igp24/active_learning/axg_training_dataset_20260707_axg11_target_r_seeded.jsonl']
                                     igp24_training_jsonl_max_abs_coeff: 0
                                     igp24_training_jsonl_max_rows: 0
                                     igp24_training_jsonl_target_rs: 12,16,20,24
                                     igp24_translation_radius: 2
                                     igp24_write_ledger: True
                                     inc_temp: 0.0
                                     keep_only_unique: True
                                     learning_rate: 0.0005
                                     max_epochs: 1
                                     max_len: 640
                                     max_local_search_steps: 0
                                     max_steps: 4800
                                     n_embd: 256
                                     n_head: 4
                                     n_layer: 4
                                     new_proportion: 0.0
                                     no_positional: False
                                     ntest: 64
                                     num_eval_steps: 300
                                     num_samples_from_model: 2048
                                     num_workers: 1
                                     pop_size: 512
                                     prime_limit: 7
                                     process_pool: False
                                     redeem_only: False
                                     sample_export_dedup: True
                                     sample_export_max_attempts: 2048
                                     sample_export_only: True
                                     sample_export_path: /tmp/igp24_axg13_diversity_20260708/r20/gpu_model_sample_export_target_r20_conditioned.jsonl
                                     sample_export_progress_interval: 128
                                     sample_export_seed_bank_jsonl:
                                     sample_export_seed_bank_limit: 0
                                     sample_export_seed_bank_target_r: None
                                     sample_export_target_r_conditioning_mode: control_token
                                     sample_export_target_rs:
                                     sample_export_unique_target: 512
                                     save_best: False
                                     seed: 33020
                                     target_r: 20
                                     target_t: None
                                     temp_span: 0
                                     temperature: 1.15
                                     top_k: -1
                                     train_only: False
                                     weight_decay: 0.01
INFO - 07/07/26 22:00:37 - 0:00:00 - The experiment will be stored in /tmp/igp24_axg13_diversity_20260708/r20/gpu_sample_export_target_r20_conditioned_dump/igp24_gpu_sample_export_target_r20_conditioned/axg13_target_r20_diversity_20260708_2201

INFO - 07/07/26 22:00:37 - 0:00:00 - Running command: python train.py --env_name igp24 --exp_name igp24_gpu_sample_export_target_r20_conditioned --dump_path '/tmp/igp24_axg13_diversity_20260708/r20/gpu_sample_export_target_r20_conditioned_dump' --exp_id axg13_target_r20_diversity_20260708_2201 --seed 33020 --encoding_tokens decimal_coefficients --igp24_target_r_conditioning_mode control_token --igp24_training_jsonl '/home/zpconn/code/igp24-axplorer/data/igp24/active_learning/axg_training_dataset_20260707_axg11_target_r_seeded.jsonl' --igp24_training_jsonl_target_rs '12,16,20,24' --coeff_bound 1000000000000000 --target_r 20 --gensize 0 --pop_size 512 --ntest 64 --gen_batch_size 64 --max_epochs 1 --max_steps 4800 --num_eval_steps 300 --num_samples_from_model 2048 --batch_size 128 --n_layer 4 --n_head 4 --n_embd 256 --max_len 640 --temperature '1.15' --top_k '-1' --always_search false --max_local_search_steps 0 --prime_limit 7 --exact_score_timeout 0 --process_pool false --num_workers 1 --cpu false --sample_export_only true --sample_export_path '/tmp/igp24_axg13_diversity_20260708/r20/gpu_model_sample_export_target_r20_conditioned.jsonl' --sample_export_dedup true --sample_export_unique_target 512 --sample_export_max_attempts 2048 --sample_export_progress_interval 128 --sample_export_target_r_conditioning_mode control_token --igp24_generation_strategy mixed --igp24_ledger_path '/tmp/igp24_axg13_diversity_20260708/r20/gpu_sample_export_target_r20_conditioned_initial_candidates.jsonl'

INFO - 07/07/26 22:00:37 - 0:00:00 - seed: 33020
INFO - 07/07/26 22:00:37 - 0:00:00 - Number of parameters: 3.32M
INFO - 07/07/26 22:00:38 - 0:00:01 - Loaded IGP24 JSONL training data: train=217 test=45 paths=['/home/zpconn/code/igp24-axplorer/data/igp24/active_learning/axg_training_dataset_20260707_axg11_target_r_seeded.jsonl'] target_rs=[12, 16, 20, 24] skipped={'missing_coefficients': 64, 'target_r_filtered': 823, 'missing_r': 0, 'coefficient_bound_filtered': 0, 'invalid_datapoint': 0}
INFO - 07/07/26 22:00:38 - 0:00:01 - ### Score distribution ###
INFO - 07/07/26 22:00:38 - 0:00:01 - Valid examples: 217
INFO - 07/07/26 22:00:38 - 0:00:01 - Mean score: 1.055299539170507
INFO - 07/07/26 22:00:38 - 0:00:01 - Median score: 1.0
INFO - 07/07/26 22:00:38 - 0:00:01 - Stdev score: 0.4044681322997931
INFO - 07/07/26 22:00:38 - 0:00:01 - Max score: 4.0
INFO - 07/07/26 22:00:38 - 0:00:01 - Top 1 percentile score: 4.0
INFO - 07/07/26 22:00:38 - 0:00:01 - Distribution of scores:
INFO - 07/07/26 22:00:38 - 0:00:01 - Score 1.0: Count: 213
INFO - 07/07/26 22:00:38 - 0:00:01 - Score 4.0: Count: 4
INFO - 07/07/26 22:00:38 - 0:00:01 - --------------------------------
INFO - 07/07/26 22:00:38 - 0:00:01 - ==== Starting Epoch 0 =====
INFO - 07/07/26 22:00:38 - 0:00:01 - [Epoch 0 START] CPU: 0.0% | RAM: 806.0MB
INFO - 07/07/26 22:00:38 - 0:00:01 - Max encoded sequence length: 307 / block_size 643
INFO - 07/07/26 22:00:38 - 0:00:01 - Memory allocated: 18.98MB, reserved: 34.00MB
INFO - 07/07/26 22:00:42 - 0:00:04 - step 100 | loss 1.2039 | steps time 3606.28ms
INFO - 07/07/26 22:00:45 - 0:00:08 - step 200 | loss 0.2244 | steps time 3340.03ms
INFO - 07/07/26 22:00:48 - 0:00:11 - step 300 | loss 0.0581 | steps time 3193.29ms
INFO - 07/07/26 22:00:48 - 0:00:11 - step 300 train loss: 0.8099491813654701 test loss: 3.4633948802948
INFO - 07/07/26 22:00:51 - 0:00:14 - step 400 | loss 0.0428 | steps time 3266.31ms
INFO - 07/07/26 22:00:55 - 0:00:17 - step 500 | loss 0.0422 | steps time 3203.13ms
INFO - 07/07/26 22:00:58 - 0:00:21 - step 600 | loss 0.0370 | steps time 3342.68ms
INFO - 07/07/26 22:00:58 - 0:00:21 - step 600 train loss: 0.10634212867667278 test loss: 3.927457809448242
INFO - 07/07/26 22:01:01 - 0:00:24 - step 700 | loss 0.1233 | steps time 3320.47ms
INFO - 07/07/26 22:01:05 - 0:00:27 - step 800 | loss 0.0379 | steps time 3316.13ms
INFO - 07/07/26 22:01:08 - 0:00:31 - step 900 | loss 0.0453 | steps time 3314.15ms
INFO - 07/07/26 22:01:08 - 0:00:31 - step 900 train loss: 0.08463561197121938 test loss: 3.8006725311279297
INFO - 07/07/26 22:01:11 - 0:00:34 - step 1000 | loss 0.0350 | steps time 3356.32ms
INFO - 07/07/26 22:01:14 - 0:00:37 - step 1100 | loss 0.0353 | steps time 3233.79ms
INFO - 07/07/26 22:01:18 - 0:00:41 - step 1200 | loss 0.0525 | steps time 3296.36ms
INFO - 07/07/26 22:01:18 - 0:00:41 - step 1200 train loss: 0.046300798505544666 test loss: 4.119139671325684
INFO - 07/07/26 22:01:21 - 0:00:44 - step 1300 | loss 0.0339 | steps time 3243.74ms
INFO - 07/07/26 22:01:24 - 0:00:47 - step 1400 | loss 0.0398 | steps time 3258.05ms
INFO - 07/07/26 22:01:28 - 0:00:50 - step 1500 | loss 0.0361 | steps time 3320.28ms
INFO - 07/07/26 22:01:28 - 0:00:50 - step 1500 train loss: 0.0395170883461833 test loss: 4.519048690795898
INFO - 07/07/26 22:01:31 - 0:00:54 - step 1600 | loss 0.0351 | steps time 3237.90ms
INFO - 07/07/26 22:01:34 - 0:00:57 - step 1700 | loss 0.0330 | steps time 3360.17ms
INFO - 07/07/26 22:01:38 - 0:01:00 - step 1800 | loss 0.0338 | steps time 3309.84ms
INFO - 07/07/26 22:01:38 - 0:01:00 - step 1800 train loss: 0.041604332774877545 test loss: 4.621921539306641
INFO - 07/07/26 22:01:41 - 0:01:04 - step 1900 | loss 0.0312 | steps time 3398.80ms
INFO - 07/07/26 22:01:44 - 0:01:07 - step 2000 | loss 0.0436 | steps time 3300.73ms
INFO - 07/07/26 22:01:47 - 0:01:10 - step 2100 | loss 0.0354 | steps time 3155.16ms
INFO - 07/07/26 22:01:47 - 0:01:10 - step 2100 train loss: 0.04561477867886424 test loss: 4.689658164978027
INFO - 07/07/26 22:01:50 - 0:01:13 - step 2200 | loss 0.0339 | steps time 3076.73ms
INFO - 07/07/26 22:01:54 - 0:01:17 - step 2300 | loss 0.0340 | steps time 3218.18ms
INFO - 07/07/26 22:01:57 - 0:01:20 - step 2400 | loss 0.0495 | steps time 3375.75ms
INFO - 07/07/26 22:01:57 - 0:01:20 - step 2400 train loss: 0.033633218662192425 test loss: 4.872199535369873
INFO - 07/07/26 22:02:00 - 0:01:23 - step 2500 | loss 0.0342 | steps time 3286.92ms
INFO - 07/07/26 22:02:04 - 0:01:26 - step 2600 | loss 0.0319 | steps time 3296.05ms
INFO - 07/07/26 22:02:07 - 0:01:30 - step 2700 | loss 0.0321 | steps time 3048.10ms
INFO - 07/07/26 22:02:07 - 0:01:30 - step 2700 train loss: 0.03819060272226731 test loss: 4.979104042053223
INFO - 07/07/26 22:02:10 - 0:01:33 - step 2800 | loss 0.0328 | steps time 3221.77ms
INFO - 07/07/26 22:02:13 - 0:01:36 - step 2900 | loss 0.0331 | steps time 3271.78ms
INFO - 07/07/26 22:02:16 - 0:01:39 - step 3000 | loss 0.0341 | steps time 3177.03ms
INFO - 07/07/26 22:02:16 - 0:01:39 - step 3000 train loss: 0.03688408063724637 test loss: 5.0527663230896
INFO - 07/07/26 22:02:19 - 0:01:42 - step 3100 | loss 0.0335 | steps time 2902.12ms
INFO - 07/07/26 22:02:22 - 0:01:45 - step 3200 | loss 0.0373 | steps time 3011.49ms
INFO - 07/07/26 22:02:25 - 0:01:48 - step 3300 | loss 0.0331 | steps time 3137.29ms
INFO - 07/07/26 22:02:25 - 0:01:48 - step 3300 train loss: 0.03964592779055238 test loss: 5.093059062957764
INFO - 07/07/26 22:02:28 - 0:01:51 - step 3400 | loss 0.0319 | steps time 2872.98ms
INFO - 07/07/26 22:02:31 - 0:01:54 - step 3500 | loss 0.0318 | steps time 3089.48ms
INFO - 07/07/26 22:02:35 - 0:01:58 - step 3600 | loss 0.0361 | steps time 3339.88ms
INFO - 07/07/26 22:02:35 - 0:01:58 - step 3600 train loss: 0.03271660150960088 test loss: 5.1685357093811035
INFO - 07/07/26 22:02:38 - 0:02:01 - step 3700 | loss 0.0319 | steps time 3190.49ms
INFO - 07/07/26 22:02:41 - 0:02:04 - step 3800 | loss 0.0324 | steps time 3114.38ms
INFO - 07/07/26 22:02:44 - 0:02:07 - step 3900 | loss 0.0326 | steps time 2927.54ms
INFO - 07/07/26 22:02:44 - 0:02:07 - step 3900 train loss: 0.03591653080657124 test loss: 5.270717620849609
INFO - 07/07/26 22:02:47 - 0:02:10 - step 4000 | loss 0.0340 | steps time 3056.78ms
INFO - 07/07/26 22:02:50 - 0:02:13 - step 4100 | loss 0.0326 | steps time 3068.58ms
INFO - 07/07/26 22:02:53 - 0:02:16 - step 4200 | loss 0.0330 | steps time 3182.37ms
INFO - 07/07/26 22:02:53 - 0:02:16 - step 4200 train loss: 0.036789934368183216 test loss: 5.076316833496094
INFO - 07/07/26 22:02:57 - 0:02:19 - step 4300 | loss 0.0321 | steps time 3345.49ms
INFO - 07/07/26 22:03:00 - 0:02:23 - step 4400 | loss 0.0329 | steps time 3126.57ms
INFO - 07/07/26 22:03:03 - 0:02:26 - step 4500 | loss 0.0351 | steps time 2889.27ms
INFO - 07/07/26 22:03:03 - 0:02:26 - step 4500 train loss: 0.03250143848359585 test loss: 5.373639106750488
INFO - 07/07/26 22:03:06 - 0:02:28 - step 4600 | loss 0.0331 | steps time 2956.13ms
INFO - 07/07/26 22:03:09 - 0:02:31 - step 4700 | loss 0.0341 | steps time 2922.73ms
INFO - 07/07/26 22:03:11 - 0:02:34 - step 4800 | loss 0.0325 | steps time 2978.60ms
INFO - 07/07/26 22:03:11 - 0:02:34 - step 4800 train loss: 0.036203378308564425 test loss: 5.545237064361572
INFO - 07/07/26 22:03:12 - 0:02:35 - [Epoch 0 AFTER_TRAIN] CPU: 0.0% | RAM: 1188.6MB
INFO - 07/07/26 22:03:12 - 0:02:35 - Export-only model sampling to /tmp/igp24_axg13_diversity_20260708/r20/gpu_model_sample_export_target_r20_conditioned.jsonl
INFO - 07/07/26 22:03:12 - 0:02:35 - Export-only controls: dedup_enabled=True unique_target=512 attempt_budget=2048 progress_interval=128 seed_bank_requested=False
INFO - 07/07/26 22:03:12 - 0:02:35 - 0 / 2048 samples attempted for export
INFO - 07/07/26 22:03:13 - 0:02:35 - 64 / 2048 samples attempted for export
INFO - 07/07/26 22:03:13 - 0:02:36 - Export-only dedup progress: attempts=128/2048 records_written=23 unique_decoded=14 duplicate_skipped=105 invalid_decode=9
INFO - 07/07/26 22:03:13 - 0:02:36 - 128 / 2048 samples attempted for export
INFO - 07/07/26 22:03:13 - 0:02:36 - 192 / 2048 samples attempted for export
INFO - 07/07/26 22:03:14 - 0:02:37 - Export-only dedup progress: attempts=256/2048 records_written=34 unique_decoded=17 duplicate_skipped=222 invalid_decode=17
INFO - 07/07/26 22:03:14 - 0:02:37 - 256 / 2048 samples attempted for export
INFO - 07/07/26 22:03:14 - 0:02:37 - 320 / 2048 samples attempted for export
INFO - 07/07/26 22:03:15 - 0:02:38 - Export-only dedup progress: attempts=384/2048 records_written=47 unique_decoded=19 duplicate_skipped=337 invalid_decode=28
INFO - 07/07/26 22:03:15 - 0:02:38 - 384 / 2048 samples attempted for export
INFO - 07/07/26 22:03:15 - 0:02:38 - 448 / 2048 samples attempted for export
INFO - 07/07/26 22:03:16 - 0:02:39 - Export-only dedup progress: attempts=512/2048 records_written=64 unique_decoded=26 duplicate_skipped=448 invalid_decode=38
INFO - 07/07/26 22:03:16 - 0:02:39 - 512 / 2048 samples attempted for export
INFO - 07/07/26 22:03:16 - 0:02:39 - 576 / 2048 samples attempted for export
INFO - 07/07/26 22:03:17 - 0:02:40 - Export-only dedup progress: attempts=640/2048 records_written=78 unique_decoded=30 duplicate_skipped=562 invalid_decode=48
INFO - 07/07/26 22:03:17 - 0:02:40 - 640 / 2048 samples attempted for export
INFO - 07/07/26 22:03:17 - 0:02:40 - 704 / 2048 samples attempted for export
INFO - 07/07/26 22:03:18 - 0:02:41 - Export-only dedup progress: attempts=768/2048 records_written=90 unique_decoded=35 duplicate_skipped=678 invalid_decode=55
INFO - 07/07/26 22:03:18 - 0:02:41 - 768 / 2048 samples attempted for export
INFO - 07/07/26 22:03:18 - 0:02:41 - 832 / 2048 samples attempted for export
INFO - 07/07/26 22:03:19 - 0:02:41 - Export-only dedup progress: attempts=896/2048 records_written=104 unique_decoded=41 duplicate_skipped=792 invalid_decode=63
INFO - 07/07/26 22:03:19 - 0:02:41 - 896 / 2048 samples attempted for export
INFO - 07/07/26 22:03:19 - 0:02:42 - 960 / 2048 samples attempted for export
INFO - 07/07/26 22:03:20 - 0:02:42 - Export-only dedup progress: attempts=1024/2048 records_written=111 unique_decoded=43 duplicate_skipped=913 invalid_decode=68
INFO - 07/07/26 22:03:20 - 0:02:42 - 1024 / 2048 samples attempted for export
INFO - 07/07/26 22:03:20 - 0:02:43 - 1088 / 2048 samples attempted for export
INFO - 07/07/26 22:03:20 - 0:02:43 - Export-only dedup progress: attempts=1152/2048 records_written=129 unique_decoded=50 duplicate_skipped=1023 invalid_decode=79
INFO - 07/07/26 22:03:20 - 0:02:43 - 1152 / 2048 samples attempted for export
INFO - 07/07/26 22:03:21 - 0:02:44 - 1216 / 2048 samples attempted for export
INFO - 07/07/26 22:03:21 - 0:02:44 - Export-only dedup progress: attempts=1280/2048 records_written=141 unique_decoded=55 duplicate_skipped=1139 invalid_decode=86
INFO - 07/07/26 22:03:21 - 0:02:44 - 1280 / 2048 samples attempted for export
INFO - 07/07/26 22:03:22 - 0:02:45 - 1344 / 2048 samples attempted for export
INFO - 07/07/26 22:03:22 - 0:02:45 - Export-only dedup progress: attempts=1408/2048 records_written=162 unique_decoded=63 duplicate_skipped=1246 invalid_decode=99
INFO - 07/07/26 22:03:22 - 0:02:45 - 1408 / 2048 samples attempted for export
INFO - 07/07/26 22:03:23 - 0:02:46 - 1472 / 2048 samples attempted for export
INFO - 07/07/26 22:03:23 - 0:02:46 - Export-only dedup progress: attempts=1536/2048 records_written=174 unique_decoded=71 duplicate_skipped=1362 invalid_decode=103
INFO - 07/07/26 22:03:23 - 0:02:46 - 1536 / 2048 samples attempted for export
INFO - 07/07/26 22:03:24 - 0:02:47 - 1600 / 2048 samples attempted for export
INFO - 07/07/26 22:03:25 - 0:02:47 - Export-only dedup progress: attempts=1664/2048 records_written=190 unique_decoded=74 duplicate_skipped=1474 invalid_decode=116
INFO - 07/07/26 22:03:25 - 0:02:47 - 1664 / 2048 samples attempted for export
INFO - 07/07/26 22:03:25 - 0:02:48 - 1728 / 2048 samples attempted for export
INFO - 07/07/26 22:03:26 - 0:02:49 - Export-only dedup progress: attempts=1792/2048 records_written=200 unique_decoded=78 duplicate_skipped=1592 invalid_decode=122
INFO - 07/07/26 22:03:26 - 0:02:49 - 1792 / 2048 samples attempted for export
INFO - 07/07/26 22:03:26 - 0:02:49 - 1856 / 2048 samples attempted for export
INFO - 07/07/26 22:03:27 - 0:02:50 - Export-only dedup progress: attempts=1920/2048 records_written=209 unique_decoded=80 duplicate_skipped=1711 invalid_decode=129
INFO - 07/07/26 22:03:27 - 0:02:50 - 1920 / 2048 samples attempted for export
INFO - 07/07/26 22:03:28 - 0:02:51 - 1984 / 2048 samples attempted for export
INFO - 07/07/26 22:03:28 - 0:02:51 - Export-only dedup progress: attempts=2048/2048 records_written=221 unique_decoded=83 duplicate_skipped=1827 invalid_decode=138
INFO - 07/07/26 22:03:28 - 0:02:51 - Export-only model sampling wrote 221 records to /tmp/igp24_axg13_diversity_20260708/r20/gpu_model_sample_export_target_r20_conditioned.jsonl; attempts=2048 decoded=83 invalid_decode=138 unique_decoded=83 duplicate_skipped=1827 stop_reason=attempt_budget_exhausted
INFO - 07/07/26 22:03:28 - 0:02:51 - Sample export summary: {'export_path': '/tmp/igp24_axg13_diversity_20260708/r20/gpu_model_sample_export_target_r20_conditioned.jsonl', 'summary_path': '/tmp/igp24_axg13_diversity_20260708/r20/gpu_model_sample_export_target_r20_conditioned.jsonl.summary.json', 'target_r': 20, 'encoding_tokens': 'decimal_coefficients', 'model_target_r_conditioning_mode': 'control_token', 'sample_export_target_r_conditioning_mode': 'control_token', 'records_written': 221, 'requested_samples': 2048, 'attempt_budget': 2048, 'attempted_samples': 2048, 'decoded_attempts': 1910, 'invalid_decode_attempts': 138, 'decoded_records': 83, 'invalid_decode_records': 138, 'deduplication_enabled': True, 'deduplication_key_type': 'decoded_coefficients', 'unique_target': 512, 'unique_decoded_coefficients': 83, 'duplicate_decoded_records_skipped': 1827, 'stop_reason': 'attempt_budget_exhausted', 'progress_interval': 128, 'scoring_avoided': True, 'local_search_avoided': True, 'dataset_update_avoided': True, 'seed_bank_enabled': False, 'seed_bank_path': None, 'seed_bank_target_r': 20, 'seed_bank_limit': 0, 'seed_bank_source_rows_read': 0, 'seed_bank_rows_matching_target_r': 0, 'seed_bank_records_written': 0, 'seed_bank_duplicate_decoded_records_skipped': 0, 'seed_bank_invalid_rows_skipped': 0, 'seed_bank_max_coefficient_height': None}
INFO - 07/07/26 22:03:28 - 0:02:51 - [Epoch 0 AFTER_SAMPLE_EXPORT] CPU: 0.0% | RAM: 1676.7MB
