INFO - 07/07/26 21:34:12 - 0:00:00 - ============ Initialized logger ============
INFO - 07/07/26 21:34:12 - 0:00:00 - N: 24
                                     always_search: False
                                     batch_size: 128
                                     coeff_bound: 1000000000000000
                                     command: python train.py --env_name igp24 --exp_name igp24_gpu_sample_export_target_r24_conditioned --dump_path '/tmp/igp24_axg12_target_r_conditioned_20260707/r24/gpu_sample_export_target_r24_conditioned_dump' --exp_id axg12_target_r24_conditioned_20260707_2138 --seed 33024 --encoding_tokens decimal_coefficients --igp24_target_r_conditioning_mode control_token --igp24_training_jsonl '/home/zpconn/code/igp24-axplorer/data/igp24/active_learning/axg_training_dataset_20260707_axg11_target_r_seeded.jsonl' --igp24_training_jsonl_target_rs '12,16,20,24' --coeff_bound 1000000000000000 --target_r 24 --gensize 0 --pop_size 512 --ntest 64 --gen_batch_size 64 --max_epochs 1 --max_steps 2400 --num_eval_steps 300 --num_samples_from_model 768 --batch_size 128 --n_layer 4 --n_head 4 --n_embd 256 --max_len 640 --temperature '0.9' --top_k 12 --always_search false --max_local_search_steps 0 --prime_limit 7 --exact_score_timeout 0 --process_pool false --num_workers 1 --cpu false --sample_export_only true --sample_export_path '/tmp/igp24_axg12_target_r_conditioned_20260707/r24/gpu_model_sample_export_target_r24_conditioned.jsonl' --sample_export_dedup true --sample_export_max_attempts 768 --sample_export_progress_interval 128 --sample_export_target_r_conditioning_mode control_token --igp24_generation_strategy fixed_sparse_template --igp24_ledger_path '/tmp/igp24_axg12_target_r_conditioned_20260707/r24/gpu_sample_export_target_r24_conditioned_initial_candidates.jsonl' --exp_id "axg12_target_r24_conditioned_20260707_2138"
                                     cpu: False
                                     cycle_diversity_weight: 5.0
                                     data_generation_only: False
                                     device: cuda
                                     discriminant_weight: 1.0
                                     dump_path: /tmp/igp24_axg12_target_r_conditioned_20260707/r24/gpu_sample_export_target_r24_conditioned_dump/igp24_gpu_sample_export_target_r24_conditioned/axg12_target_r24_conditioned_20260707_2138
                                     encoding_tokens: decimal_coefficients
                                     env_name: igp24
                                     exact_score_timeout: 0.0
                                     exp_id: axg12_target_r24_conditioned_20260707_2138
                                     exp_name: igp24_gpu_sample_export_target_r24_conditioned
                                     gen_batch_size: 64
                                     gensize: 0
                                     height_weight: 1.0
                                     igp24_generation_preset: none
                                     igp24_generation_strategy: fixed_sparse_template
                                     igp24_ledger_path: /tmp/igp24_axg12_target_r_conditioned_20260707/r24/gpu_sample_export_target_r24_conditioned_initial_candidates.jsonl
                                     igp24_low_height_bound: 3
                                     igp24_mixed_strategy_weights: uniform:0.1000,low_height:0.2000,sparse:0.2500,lower_degree:0.2000,structured:0.2500,four_real_seed:0.0000,quartic_lift:0.0000,r8_quartic_lift:0.0000,r8_quartic_lift_perturbed:0.0000,r16_quadratic_lift:0.0000,fixed_sparse_template:0.0000
                                     igp24_sparse_terms: 4
                                     igp24_target_r_conditioning_mode: control_token
                                     igp24_training_jsonl: ['/home/zpconn/code/igp24-axplorer/data/igp24/active_learning/axg_training_dataset_20260707_axg11_target_r_seeded.jsonl']
                                     igp24_training_jsonl_max_abs_coeff: 0
                                     igp24_training_jsonl_max_rows: 0
                                     igp24_training_jsonl_target_rs: 12,16,20,24
                                     igp24_translation_radius: 2
                                     igp24_write_ledger: True
                                     inc_temp: 0.0
                                     keep_only_unique: True
                                     learning_rate: 0.0005
                                     max_epochs: 1
                                     max_len: 640
                                     max_local_search_steps: 0
                                     max_steps: 2400
                                     n_embd: 256
                                     n_head: 4
                                     n_layer: 4
                                     new_proportion: 0.0
                                     no_positional: False
                                     ntest: 64
                                     num_eval_steps: 300
                                     num_samples_from_model: 768
                                     num_workers: 1
                                     pop_size: 512
                                     prime_limit: 7
                                     process_pool: False
                                     redeem_only: False
                                     sample_export_dedup: True
                                     sample_export_max_attempts: 768
                                     sample_export_only: True
                                     sample_export_path: /tmp/igp24_axg12_target_r_conditioned_20260707/r24/gpu_model_sample_export_target_r24_conditioned.jsonl
                                     sample_export_progress_interval: 128
                                     sample_export_seed_bank_jsonl:
                                     sample_export_seed_bank_limit: 0
                                     sample_export_seed_bank_target_r: None
                                     sample_export_target_r_conditioning_mode: control_token
                                     sample_export_target_rs:
                                     sample_export_unique_target: 0
                                     save_best: False
                                     seed: 33024
                                     target_r: 24
                                     target_t: None
                                     temp_span: 0
                                     temperature: 0.9
                                     top_k: 12
                                     train_only: False
                                     weight_decay: 0.01
INFO - 07/07/26 21:34:12 - 0:00:00 - The experiment will be stored in /tmp/igp24_axg12_target_r_conditioned_20260707/r24/gpu_sample_export_target_r24_conditioned_dump/igp24_gpu_sample_export_target_r24_conditioned/axg12_target_r24_conditioned_20260707_2138

INFO - 07/07/26 21:34:12 - 0:00:00 - Running command: python train.py --env_name igp24 --exp_name igp24_gpu_sample_export_target_r24_conditioned --dump_path '/tmp/igp24_axg12_target_r_conditioned_20260707/r24/gpu_sample_export_target_r24_conditioned_dump' --exp_id axg12_target_r24_conditioned_20260707_2138 --seed 33024 --encoding_tokens decimal_coefficients --igp24_target_r_conditioning_mode control_token --igp24_training_jsonl '/home/zpconn/code/igp24-axplorer/data/igp24/active_learning/axg_training_dataset_20260707_axg11_target_r_seeded.jsonl' --igp24_training_jsonl_target_rs '12,16,20,24' --coeff_bound 1000000000000000 --target_r 24 --gensize 0 --pop_size 512 --ntest 64 --gen_batch_size 64 --max_epochs 1 --max_steps 2400 --num_eval_steps 300 --num_samples_from_model 768 --batch_size 128 --n_layer 4 --n_head 4 --n_embd 256 --max_len 640 --temperature '0.9' --top_k 12 --always_search false --max_local_search_steps 0 --prime_limit 7 --exact_score_timeout 0 --process_pool false --num_workers 1 --cpu false --sample_export_only true --sample_export_path '/tmp/igp24_axg12_target_r_conditioned_20260707/r24/gpu_model_sample_export_target_r24_conditioned.jsonl' --sample_export_dedup true --sample_export_max_attempts 768 --sample_export_progress_interval 128 --sample_export_target_r_conditioning_mode control_token --igp24_generation_strategy fixed_sparse_template --igp24_ledger_path '/tmp/igp24_axg12_target_r_conditioned_20260707/r24/gpu_sample_export_target_r24_conditioned_initial_candidates.jsonl'

INFO - 07/07/26 21:34:12 - 0:00:00 - seed: 33024
INFO - 07/07/26 21:34:12 - 0:00:00 - Number of parameters: 3.32M
INFO - 07/07/26 21:34:13 - 0:00:01 - Loaded IGP24 JSONL training data: train=217 test=45 paths=['/home/zpconn/code/igp24-axplorer/data/igp24/active_learning/axg_training_dataset_20260707_axg11_target_r_seeded.jsonl'] target_rs=[12, 16, 20, 24] skipped={'missing_coefficients': 64, 'target_r_filtered': 823, 'missing_r': 0, 'coefficient_bound_filtered': 0, 'invalid_datapoint': 0}
INFO - 07/07/26 21:34:13 - 0:00:01 - ### Score distribution ###
INFO - 07/07/26 21:34:13 - 0:00:01 - Valid examples: 217
INFO - 07/07/26 21:34:13 - 0:00:01 - Mean score: 1.055299539170507
INFO - 07/07/26 21:34:13 - 0:00:01 - Median score: 1.0
INFO - 07/07/26 21:34:13 - 0:00:01 - Stdev score: 0.4044681322997931
INFO - 07/07/26 21:34:13 - 0:00:01 - Max score: 4.0
INFO - 07/07/26 21:34:13 - 0:00:01 - Top 1 percentile score: 4.0
INFO - 07/07/26 21:34:13 - 0:00:01 - Distribution of scores:
INFO - 07/07/26 21:34:13 - 0:00:01 - Score 1.0: Count: 213
INFO - 07/07/26 21:34:13 - 0:00:01 - Score 4.0: Count: 4
INFO - 07/07/26 21:34:13 - 0:00:01 - --------------------------------
INFO - 07/07/26 21:34:13 - 0:00:01 - ==== Starting Epoch 0 =====
INFO - 07/07/26 21:34:13 - 0:00:01 - [Epoch 0 START] CPU: 0.0% | RAM: 806.9MB
INFO - 07/07/26 21:34:13 - 0:00:01 - Max encoded sequence length: 307 / block_size 643
INFO - 07/07/26 21:34:13 - 0:00:01 - Memory allocated: 18.98MB, reserved: 34.00MB
INFO - 07/07/26 21:34:16 - 0:00:04 - step 100 | loss 1.3462 | steps time 3064.88ms
INFO - 07/07/26 21:34:19 - 0:00:07 - step 200 | loss 0.2758 | steps time 2837.16ms
INFO - 07/07/26 21:34:22 - 0:00:10 - step 300 | loss 0.3080 | steps time 2919.64ms
INFO - 07/07/26 21:34:22 - 0:00:10 - step 300 train loss: 0.9077424153437217 test loss: 2.8797523975372314
INFO - 07/07/26 21:34:24 - 0:00:12 - step 400 | loss 0.0471 | steps time 2800.63ms
INFO - 07/07/26 21:34:27 - 0:00:15 - step 500 | loss 0.0420 | steps time 2817.27ms
INFO - 07/07/26 21:34:30 - 0:00:18 - step 600 | loss 0.0383 | steps time 2763.86ms
INFO - 07/07/26 21:34:30 - 0:00:18 - step 600 train loss: 0.06252079096933207 test loss: 3.8854031562805176
INFO - 07/07/26 21:34:33 - 0:00:21 - step 700 | loss 0.0415 | steps time 2839.06ms
INFO - 07/07/26 21:34:36 - 0:00:24 - step 800 | loss 0.0364 | steps time 2775.17ms
INFO - 07/07/26 21:34:38 - 0:00:26 - step 900 | loss 0.1073 | steps time 2751.33ms
INFO - 07/07/26 21:34:38 - 0:00:26 - step 900 train loss: 0.06301603821416696 test loss: 3.8801631927490234
INFO - 07/07/26 21:34:41 - 0:00:29 - step 1000 | loss 0.0371 | steps time 2782.16ms
INFO - 07/07/26 21:34:44 - 0:00:32 - step 1100 | loss 0.0344 | steps time 2775.82ms
INFO - 07/07/26 21:34:47 - 0:00:35 - step 1200 | loss 0.0376 | steps time 2911.90ms
INFO - 07/07/26 21:34:47 - 0:00:35 - step 1200 train loss: 0.05802460577338934 test loss: 3.976503372192383
INFO - 07/07/26 21:34:50 - 0:00:38 - step 1300 | loss 0.0354 | steps time 2840.68ms
INFO - 07/07/26 21:34:53 - 0:00:41 - step 1400 | loss 0.0339 | steps time 2884.29ms
INFO - 07/07/26 21:34:55 - 0:00:43 - step 1500 | loss 0.0365 | steps time 2852.05ms
INFO - 07/07/26 21:34:55 - 0:00:43 - step 1500 train loss: 0.04018569511671861 test loss: 4.455569267272949
INFO - 07/07/26 21:34:58 - 0:00:46 - step 1600 | loss 0.0348 | steps time 2861.89ms
INFO - 07/07/26 21:35:01 - 0:00:49 - step 1700 | loss 0.0930 | steps time 2847.98ms
INFO - 07/07/26 21:35:04 - 0:00:52 - step 1800 | loss 0.0337 | steps time 2803.33ms
INFO - 07/07/26 21:35:04 - 0:00:52 - step 1800 train loss: 0.03951025273650885 test loss: 4.683055400848389
INFO - 07/07/26 21:35:07 - 0:00:55 - step 1900 | loss 0.0359 | steps time 2892.51ms
INFO - 07/07/26 21:35:10 - 0:00:58 - step 2000 | loss 0.0342 | steps time 2900.19ms
INFO - 07/07/26 21:35:13 - 0:01:01 - step 2100 | loss 0.0349 | steps time 2837.06ms
INFO - 07/07/26 21:35:13 - 0:01:01 - step 2100 train loss: 0.039781702694793544 test loss: 4.6427459716796875
INFO - 07/07/26 21:35:15 - 0:01:03 - step 2200 | loss 0.0332 | steps time 2770.32ms
INFO - 07/07/26 21:35:18 - 0:01:06 - step 2300 | loss 0.0358 | steps time 2759.15ms
INFO - 07/07/26 21:35:21 - 0:01:09 - step 2400 | loss 0.0365 | steps time 2868.28ms
INFO - 07/07/26 21:35:21 - 0:01:09 - step 2400 train loss: 0.038035189298292 test loss: 4.621494770050049
INFO - 07/07/26 21:35:21 - 0:01:09 - [Epoch 0 AFTER_TRAIN] CPU: 0.0% | RAM: 1189.1MB
INFO - 07/07/26 21:35:21 - 0:01:09 - Export-only model sampling to /tmp/igp24_axg12_target_r_conditioned_20260707/r24/gpu_model_sample_export_target_r24_conditioned.jsonl
INFO - 07/07/26 21:35:21 - 0:01:09 - Export-only controls: dedup_enabled=True unique_target=0 attempt_budget=768 progress_interval=128 seed_bank_requested=False
INFO - 07/07/26 21:35:21 - 0:01:09 - 0 / 768 samples attempted for export
INFO - 07/07/26 21:35:22 - 0:01:10 - 64 / 768 samples attempted for export
INFO - 07/07/26 21:35:22 - 0:01:10 - Export-only dedup progress: attempts=128/768 records_written=45 unique_decoded=37 duplicate_skipped=83 invalid_decode=8
INFO - 07/07/26 21:35:22 - 0:01:10 - 128 / 768 samples attempted for export
INFO - 07/07/26 21:35:23 - 0:01:11 - 192 / 768 samples attempted for export
INFO - 07/07/26 21:35:23 - 0:01:11 - Export-only dedup progress: attempts=256/768 records_written=65 unique_decoded=49 duplicate_skipped=191 invalid_decode=16
INFO - 07/07/26 21:35:23 - 0:01:11 - 256 / 768 samples attempted for export
INFO - 07/07/26 21:35:23 - 0:01:11 - 320 / 768 samples attempted for export
INFO - 07/07/26 21:35:24 - 0:01:12 - Export-only dedup progress: attempts=384/768 records_written=81 unique_decoded=57 duplicate_skipped=303 invalid_decode=24
INFO - 07/07/26 21:35:24 - 0:01:12 - 384 / 768 samples attempted for export
INFO - 07/07/26 21:35:24 - 0:01:12 - 448 / 768 samples attempted for export
INFO - 07/07/26 21:35:24 - 0:01:12 - Export-only dedup progress: attempts=512/768 records_written=95 unique_decoded=62 duplicate_skipped=417 invalid_decode=33
INFO - 07/07/26 21:35:24 - 0:01:12 - 512 / 768 samples attempted for export
INFO - 07/07/26 21:35:25 - 0:01:13 - 576 / 768 samples attempted for export
INFO - 07/07/26 21:35:25 - 0:01:13 - Export-only dedup progress: attempts=640/768 records_written=115 unique_decoded=70 duplicate_skipped=525 invalid_decode=45
INFO - 07/07/26 21:35:25 - 0:01:13 - 640 / 768 samples attempted for export
INFO - 07/07/26 21:35:25 - 0:01:13 - 704 / 768 samples attempted for export
INFO - 07/07/26 21:35:26 - 0:01:14 - Export-only dedup progress: attempts=768/768 records_written=132 unique_decoded=74 duplicate_skipped=636 invalid_decode=58
INFO - 07/07/26 21:35:26 - 0:01:14 - Export-only model sampling wrote 132 records to /tmp/igp24_axg12_target_r_conditioned_20260707/r24/gpu_model_sample_export_target_r24_conditioned.jsonl; attempts=768 decoded=74 invalid_decode=58 unique_decoded=74 duplicate_skipped=636 stop_reason=attempt_budget_exhausted
INFO - 07/07/26 21:35:26 - 0:01:14 - Sample export summary: {'export_path': '/tmp/igp24_axg12_target_r_conditioned_20260707/r24/gpu_model_sample_export_target_r24_conditioned.jsonl', 'summary_path': '/tmp/igp24_axg12_target_r_conditioned_20260707/r24/gpu_model_sample_export_target_r24_conditioned.jsonl.summary.json', 'target_r': 24, 'encoding_tokens': 'decimal_coefficients', 'model_target_r_conditioning_mode': 'control_token', 'sample_export_target_r_conditioning_mode': 'control_token', 'records_written': 132, 'requested_samples': 768, 'attempt_budget': 768, 'attempted_samples': 768, 'decoded_attempts': 710, 'invalid_decode_attempts': 58, 'decoded_records': 74, 'invalid_decode_records': 58, 'deduplication_enabled': True, 'deduplication_key_type': 'decoded_coefficients', 'unique_target': 0, 'unique_decoded_coefficients': 74, 'duplicate_decoded_records_skipped': 636, 'stop_reason': 'attempt_budget_exhausted', 'progress_interval': 128, 'scoring_avoided': True, 'local_search_avoided': True, 'dataset_update_avoided': True, 'seed_bank_enabled': False, 'seed_bank_path': None, 'seed_bank_target_r': 24, 'seed_bank_limit': 0, 'seed_bank_source_rows_read': 0, 'seed_bank_rows_matching_target_r': 0, 'seed_bank_records_written': 0, 'seed_bank_duplicate_decoded_records_skipped': 0, 'seed_bank_invalid_rows_skipped': 0, 'seed_bank_max_coefficient_height': None}
INFO - 07/07/26 21:35:26 - 0:01:14 - [Epoch 0 AFTER_SAMPLE_EXPORT] CPU: 0.0% | RAM: 1731.1MB
